Apr 22 11:22:32 www kernel: [    0.000000] Linux version 5.4.0-86-generic (buildd@lgw01-amd64-041) (gcc version 9.3.0 (Ubuntu 9.3.0-17ubuntu1~20.04)) #97-Ubuntu SMP Fri Sep 17 19:19:40 UTC 2021 (Ubuntu 5.4.0-86.97-generic 5.4.133)
Apr 22 11:22:32 www kernel: [    0.000000] Command line: BOOT_IMAGE=/boot/vmlinuz-5.4.0-86-generic root=LABEL=cloudimg-rootfs ro console=tty1 console=ttyS0
Apr 22 11:22:32 www kernel: [    0.000000] KERNEL supported cpus:
Apr 22 11:22:32 www kernel: [    0.000000]   Intel GenuineIntel
Apr 22 11:22:32 www kernel: [    0.000000]   AMD AuthenticAMD
Apr 22 11:22:32 www kernel: [    0.000000]   Hygon HygonGenuine
Apr 22 11:22:32 www kernel: [    0.000000]   Centaur CentaurHauls
Apr 22 11:22:32 www kernel: [    0.000000]   zhaoxin   Shanghai  
Apr 22 11:22:32 www kernel: [    0.000000] x86/fpu: x87 FPU will use FXSAVE
Apr 22 11:22:32 www kernel: [    0.000000] BIOS-provided physical RAM map:
Apr 22 11:22:32 www kernel: [    0.000000] BIOS-e820: [mem 0x0000000000000000-0x000000000009fbff] usable
Apr 22 11:22:32 www kernel: [    0.000000] BIOS-e820: [mem 0x000000000009fc00-0x000000000009ffff] reserved
Apr 22 11:22:32 www kernel: [    0.000000] BIOS-e820: [mem 0x00000000000f0000-0x00000000000fffff] reserved
Apr 22 11:22:32 www kernel: [    0.000000] BIOS-e820: [mem 0x0000000000100000-0x000000001ffd9fff] usable
Apr 22 11:22:32 www kernel: [    0.000000] BIOS-e820: [mem 0x000000001ffda000-0x000000001fffffff] reserved
Apr 22 11:22:32 www kernel: [    0.000000] BIOS-e820: [mem 0x00000000feffc000-0x00000000feffffff] reserved
Apr 22 11:22:32 www kernel: [    0.000000] BIOS-e820: [mem 0x00000000fffc0000-0x00000000ffffffff] reserved
Apr 22 11:22:32 www kernel: [    0.000000] NX (Execute Disable) protection: active
Apr 22 11:22:32 www kernel: [    0.000000] SMBIOS 2.8 present.
Apr 22 11:22:32 www kernel: [    0.000000] DMI: QEMU Standard PC (i440FX + PIIX, 1996), BIOS rel-1.14.0-0-g155821a1990b-prebuilt.qemu.org 04/01/2014
Apr 22 11:22:32 www kernel: [    0.000000] Hypervisor detected: KVM
Apr 22 11:22:32 www kernel: [    0.000000] kvm-clock: Using msrs 4b564d01 and 4b564d00
Apr 22 11:22:32 www kernel: [    0.000000] kvm-clock: cpu 0, msr b401001, primary cpu clock
Apr 22 11:22:32 www kernel: [    0.000000] kvm-clock: using sched offset of 4374114861 cycles
Apr 22 11:22:32 www kernel: [    0.000006] clocksource: kvm-clock: mask: 0xffffffffffffffff max_cycles: 0x1cd42e4dffb, max_idle_ns: 881590591483 ns
Apr 22 11:22:32 www kernel: [    0.000012] tsc: Detected 2099.996 MHz processor
Apr 22 11:22:32 www kernel: [    0.000811] e820: update [mem 0x00000000-0x00000fff] usable ==> reserved
Apr 22 11:22:32 www kernel: [    0.000813] e820: remove [mem 0x000a0000-0x000fffff] usable
Apr 22 11:22:32 www kernel: [    0.000816] last_pfn = 0x1ffda max_arch_pfn = 0x400000000
Apr 22 11:22:32 www kernel: [    0.000847] MTRR default type: write-back
Apr 22 11:22:32 www kernel: [    0.000847] MTRR fixed ranges enabled:
Apr 22 11:22:32 www kernel: [    0.000848]   00000-9FFFF write-back
Apr 22 11:22:32 www kernel: [    0.000849]   A0000-BFFFF uncachable
Apr 22 11:22:32 www kernel: [    0.000850]   C0000-FFFFF write-protect
Apr 22 11:22:32 www kernel: [    0.000850] MTRR variable ranges enabled:
Apr 22 11:22:32 www kernel: [    0.000851]   0 base 0080000000 mask FF80000000 uncachable
Apr 22 11:22:32 www kernel: [    0.000852]   1 disabled
Apr 22 11:22:32 www kernel: [    0.000852]   2 disabled
Apr 22 11:22:32 www kernel: [    0.000853]   3 disabled
Apr 22 11:22:32 www kernel: [    0.000853]   4 disabled
Apr 22 11:22:32 www kernel: [    0.000853]   5 disabled
Apr 22 11:22:32 www kernel: [    0.000854]   6 disabled
Apr 22 11:22:32 www kernel: [    0.000854]   7 disabled
Apr 22 11:22:32 www kernel: [    0.000868] x86/PAT: Configuration [0-7]: WB  WC  UC- UC  WB  WC  UC- UC  
Apr 22 11:22:32 www kernel: [    0.008303] found SMP MP-table at [mem 0x000f5a80-0x000f5a8f]
Apr 22 11:22:32 www kernel: [    0.008452] check: Scanning 1 areas for low memory corruption
Apr 22 11:22:32 www kernel: [    0.010858] RAMDISK: [mem 0x1cd59000-0x1e773fff]
Apr 22 11:22:32 www kernel: [    0.010872] ACPI: Early table checksum verification disabled
Apr 22 11:22:32 www kernel: [    0.010900] ACPI: RSDP 0x00000000000F58A0 000014 (v00 BOCHS )
Apr 22 11:22:32 www kernel: [    0.010906] ACPI: RSDT 0x000000001FFE1443 000038 (v01 BOCHS  BXPCRSDT 00000001 BXPC 00000001)
Apr 22 11:22:32 www kernel: [    0.010913] ACPI: FACP 0x000000001FFE122D 000074 (v01 BOCHS  BXPCFACP 00000001 BXPC 00000001)
Apr 22 11:22:32 www kernel: [    0.010918] ACPI: DSDT 0x000000001FFDF040 0021ED (v01 BOCHS  BXPCDSDT 00000001 BXPC 00000001)
Apr 22 11:22:32 www kernel: [    0.010922] ACPI: FACS 0x000000001FFDF000 000040
Apr 22 11:22:32 www kernel: [    0.010925] ACPI: APIC 0x000000001FFE12A1 000078 (v01 BOCHS  BXPCAPIC 00000001 BXPC 00000001)
Apr 22 11:22:32 www kernel: [    0.010928] ACPI: SSDT 0x000000001FFE1319 0000CA (v01 BOCHS  VMGENID  00000001 BXPC 00000001)
Apr 22 11:22:32 www kernel: [    0.010931] ACPI: HPET 0x000000001FFE13E3 000038 (v01 BOCHS  BXPCHPET 00000001 BXPC 00000001)
Apr 22 11:22:32 www kernel: [    0.010934] ACPI: WAET 0x000000001FFE141B 000028 (v01 BOCHS  BXPCWAET 00000001 BXPC 00000001)
Apr 22 11:22:32 www kernel: [    0.010937] ACPI: Reserving FACP table memory at [mem 0x1ffe122d-0x1ffe12a0]
Apr 22 11:22:32 www kernel: [    0.010938] ACPI: Reserving DSDT table memory at [mem 0x1ffdf040-0x1ffe122c]
Apr 22 11:22:32 www kernel: [    0.010939] ACPI: Reserving FACS table memory at [mem 0x1ffdf000-0x1ffdf03f]
Apr 22 11:22:32 www kernel: [    0.010939] ACPI: Reserving APIC table memory at [mem 0x1ffe12a1-0x1ffe1318]
Apr 22 11:22:32 www kernel: [    0.010940] ACPI: Reserving SSDT table memory at [mem 0x1ffe1319-0x1ffe13e2]
Apr 22 11:22:32 www kernel: [    0.010941] ACPI: Reserving HPET table memory at [mem 0x1ffe13e3-0x1ffe141a]
Apr 22 11:22:32 www kernel: [    0.010942] ACPI: Reserving WAET table memory at [mem 0x1ffe141b-0x1ffe1442]
Apr 22 11:22:32 www kernel: [    0.010976] ACPI: Local APIC address 0xfee00000
Apr 22 11:22:32 www kernel: [    0.011299] No NUMA configuration found
Apr 22 11:22:32 www kernel: [    0.011300] Faking a node at [mem 0x0000000000000000-0x000000001ffd9fff]
Apr 22 11:22:32 www kernel: [    0.011311] NODE_DATA(0) allocated [mem 0x1ffaf000-0x1ffd9fff]
Apr 22 11:22:32 www kernel: [    0.011599] Zone ranges:
Apr 22 11:22:32 www kernel: [    0.011600]   DMA      [mem 0x0000000000001000-0x0000000000ffffff]
Apr 22 11:22:32 www kernel: [    0.011601]   DMA32    [mem 0x0000000001000000-0x000000001ffd9fff]
Apr 22 11:22:32 www kernel: [    0.011602]   Normal   empty
Apr 22 11:22:32 www kernel: [    0.011603]   Device   empty
Apr 22 11:22:32 www kernel: [    0.011604] Movable zone start for each node
Apr 22 11:22:32 www kernel: [    0.011607] Early memory node ranges
Apr 22 11:22:32 www kernel: [    0.011608]   node   0: [mem 0x0000000000001000-0x000000000009efff]
Apr 22 11:22:32 www kernel: [    0.011610]   node   0: [mem 0x0000000000100000-0x000000001ffd9fff]
Apr 22 11:22:32 www kernel: [    0.011622] Zeroed struct page in unavailable ranges: 136 pages
Apr 22 11:22:32 www kernel: [    0.011623] Initmem setup node 0 [mem 0x0000000000001000-0x000000001ffd9fff]
Apr 22 11:22:32 www kernel: [    0.011624] On node 0 totalpages: 130936
Apr 22 11:22:32 www kernel: [    0.011629]   DMA zone: 64 pages used for memmap
Apr 22 11:22:32 www kernel: [    0.011629]   DMA zone: 21 pages reserved
Apr 22 11:22:32 www kernel: [    0.011630]   DMA zone: 3998 pages, LIFO batch:0
Apr 22 11:22:32 www kernel: [    0.011752]   DMA32 zone: 1984 pages used for memmap
Apr 22 11:22:32 www kernel: [    0.011753]   DMA32 zone: 126938 pages, LIFO batch:31
Apr 22 11:22:32 www kernel: [    0.014436] ACPI: PM-Timer IO Port: 0x608
Apr 22 11:22:32 www kernel: [    0.014438] ACPI: Local APIC address 0xfee00000
Apr 22 11:22:32 www kernel: [    0.014451] ACPI: LAPIC_NMI (acpi_id[0xff] dfl dfl lint[0x1])
Apr 22 11:22:32 www kernel: [    0.014505] IOAPIC[0]: apic_id 0, version 17, address 0xfec00000, GSI 0-23
Apr 22 11:22:32 www kernel: [    0.014508] ACPI: INT_SRC_OVR (bus 0 bus_irq 0 global_irq 2 dfl dfl)
Apr 22 11:22:32 www kernel: [    0.014510] ACPI: INT_SRC_OVR (bus 0 bus_irq 5 global_irq 5 high level)
Apr 22 11:22:32 www kernel: [    0.014511] ACPI: INT_SRC_OVR (bus 0 bus_irq 9 global_irq 9 high level)
Apr 22 11:22:32 www kernel: [    0.014515] ACPI: INT_SRC_OVR (bus 0 bus_irq 10 global_irq 10 high level)
Apr 22 11:22:32 www kernel: [    0.014515] ACPI: INT_SRC_OVR (bus 0 bus_irq 11 global_irq 11 high level)
Apr 22 11:22:32 www kernel: [    0.014517] ACPI: IRQ0 used by override.
Apr 22 11:22:32 www kernel: [    0.014518] ACPI: IRQ5 used by override.
Apr 22 11:22:32 www kernel: [    0.014518] ACPI: IRQ9 used by override.
Apr 22 11:22:32 www kernel: [    0.014518] ACPI: IRQ10 used by override.
Apr 22 11:22:32 www kernel: [    0.014519] ACPI: IRQ11 used by override.
Apr 22 11:22:32 www kernel: [    0.014521] Using ACPI (MADT) for SMP configuration information
Apr 22 11:22:32 www kernel: [    0.014523] ACPI: HPET id: 0x8086a201 base: 0xfed00000
Apr 22 11:22:32 www kernel: [    0.014529] smpboot: Allowing 1 CPUs, 0 hotplug CPUs
Apr 22 11:22:32 www kernel: [    0.014558] PM: Registered nosave memory: [mem 0x00000000-0x00000fff]
Apr 22 11:22:32 www kernel: [    0.014559] PM: Registered nosave memory: [mem 0x0009f000-0x0009ffff]
Apr 22 11:22:32 www kernel: [    0.014560] PM: Registered nosave memory: [mem 0x000a0000-0x000effff]
Apr 22 11:22:32 www kernel: [    0.014561] PM: Registered nosave memory: [mem 0x000f0000-0x000fffff]
Apr 22 11:22:32 www kernel: [    0.014562] [mem 0x20000000-0xfeffbfff] available for PCI devices
Apr 22 11:22:32 www kernel: [    0.014563] Booting paravirtualized kernel on KVM
Apr 22 11:22:32 www kernel: [    0.014571] clocksource: refined-jiffies: mask: 0xffffffff max_cycles: 0xffffffff, max_idle_ns: 7645519600211568 ns
Apr 22 11:22:32 www kernel: [    0.014578] setup_percpu: NR_CPUS:8192 nr_cpumask_bits:1 nr_cpu_ids:1 nr_node_ids:1
Apr 22 11:22:32 www kernel: [    0.015148] percpu: Embedded 55 pages/cpu s188416 r8192 d28672 u2097152
Apr 22 11:22:32 www kernel: [    0.015153] pcpu-alloc: s188416 r8192 d28672 u2097152 alloc=1*2097152
Apr 22 11:22:32 www kernel: [    0.015153] pcpu-alloc: [0] 0 
Apr 22 11:22:32 www kernel: [    0.015183] setup async PF for cpu 0
Apr 22 11:22:32 www kernel: [    0.015187] kvm-stealtime: cpu 0, msr 1f22d040
Apr 22 11:22:32 www kernel: [    0.015197] Built 1 zonelists, mobility grouping on.  Total pages: 128867
Apr 22 11:22:32 www kernel: [    0.015198] Policy zone: DMA32
Apr 22 11:22:32 www kernel: [    0.015199] Kernel command line: BOOT_IMAGE=/boot/vmlinuz-5.4.0-86-generic root=LABEL=cloudimg-rootfs ro console=tty1 console=ttyS0
Apr 22 11:22:32 www kernel: [    0.015388] Dentry cache hash table entries: 65536 (order: 7, 524288 bytes, linear)
Apr 22 11:22:32 www kernel: [    0.015479] Inode-cache hash table entries: 32768 (order: 6, 262144 bytes, linear)
Apr 22 11:22:32 www kernel: [    0.015544] mem auto-init: stack:off, heap alloc:on, heap free:off
Apr 22 11:22:32 www kernel: [    0.015547] Calgary: detecting Calgary via BIOS EBDA area
Apr 22 11:22:32 www kernel: [    0.015552] Calgary: Unable to locate Rio Grande table in EBDA - bailing!
Apr 22 11:22:32 www kernel: [    0.016324] Memory: 454704K/523744K available (14339K kernel code, 2400K rwdata, 5016K rodata, 2736K init, 4964K bss, 69040K reserved, 0K cma-reserved)
Apr 22 11:22:32 www kernel: [    0.016341] random: get_random_u64 called from kmem_cache_open+0x2d/0x410 with crng_init=0
Apr 22 11:22:32 www kernel: [    0.016464] SLUB: HWalign=64, Order=0-3, MinObjects=0, CPUs=1, Nodes=1
Apr 22 11:22:32 www kernel: [    0.016483] Kernel/User page tables isolation: enabled
Apr 22 11:22:32 www kernel: [    0.016505] ftrace: allocating 44609 entries in 175 pages
Apr 22 11:22:32 www kernel: [    0.037321] rcu: Hierarchical RCU implementation.
Apr 22 11:22:32 www kernel: [    0.037323] rcu: 	RCU restricting CPUs from NR_CPUS=8192 to nr_cpu_ids=1.
Apr 22 11:22:32 www kernel: [    0.037324] 	Tasks RCU enabled.
Apr 22 11:22:32 www kernel: [    0.037325] rcu: RCU calculated value of scheduler-enlistment delay is 25 jiffies.
Apr 22 11:22:32 www kernel: [    0.037326] rcu: Adjusting geometry for rcu_fanout_leaf=16, nr_cpu_ids=1
Apr 22 11:22:32 www kernel: [    0.039994] NR_IRQS: 524544, nr_irqs: 256, preallocated irqs: 16
Apr 22 11:22:32 www kernel: [    0.040932] Console: colour VGA+ 80x25
Apr 22 11:22:32 www kernel: [    0.048715] printk: console [tty1] enabled
Apr 22 11:22:32 www kernel: [    0.115147] printk: console [ttyS0] enabled
Apr 22 11:22:32 www kernel: [    0.115743] ACPI: Core revision 20190816
Apr 22 11:22:32 www kernel: [    0.116419] clocksource: hpet: mask: 0xffffffff max_cycles: 0xffffffff, max_idle_ns: 19112604467 ns
Apr 22 11:22:32 www kernel: [    0.117525] APIC: Switch to symmetric I/O mode setup
Apr 22 11:22:32 www kernel: [    0.118638] x2apic enabled
Apr 22 11:22:32 www kernel: [    0.119627] Switched APIC routing to physical x2apic.
Apr 22 11:22:32 www kernel: [    0.122123] ..TIMER: vector=0x30 apic1=0 pin1=2 apic2=-1 pin2=-1
Apr 22 11:22:32 www kernel: [    0.123002] clocksource: tsc-early: mask: 0xffffffffffffffff max_cycles: 0x1e452ca2c89, max_idle_ns: 440795231168 ns
Apr 22 11:22:32 www kernel: [    0.124390] Calibrating delay loop (skipped) preset value.. 4199.99 BogoMIPS (lpj=8399984)
Apr 22 11:22:32 www kernel: [    0.125408] pid_max: default: 32768 minimum: 301
Apr 22 11:22:32 www kernel: [    0.128420] LSM: Security Framework initializing
Apr 22 11:22:32 www kernel: [    0.128979] Yama: becoming mindful.
Apr 22 11:22:32 www kernel: [    0.129490] AppArmor: AppArmor initialized
Apr 22 11:22:32 www kernel: [    0.130188] Mount-cache hash table entries: 1024 (order: 1, 8192 bytes, linear)
Apr 22 11:22:32 www kernel: [    0.131076] Mountpoint-cache hash table entries: 1024 (order: 1, 8192 bytes, linear)
Apr 22 11:22:32 www kernel: [    0.132404] *** VALIDATE tmpfs ***
Apr 22 11:22:32 www kernel: [    0.133004] *** VALIDATE proc ***
Apr 22 11:22:32 www kernel: [    0.133497] *** VALIDATE cgroup1 ***
Apr 22 11:22:32 www kernel: [    0.134040] *** VALIDATE cgroup2 ***
Apr 22 11:22:32 www kernel: [    0.134705] Last level iTLB entries: 4KB 0, 2MB 0, 4MB 0
Apr 22 11:22:32 www kernel: [    0.135327] Last level dTLB entries: 4KB 0, 2MB 0, 4MB 0, 1GB 0
Apr 22 11:22:32 www kernel: [    0.136008] Spectre V1 : Mitigation: usercopy/swapgs barriers and __user pointer sanitization
Apr 22 11:22:32 www kernel: [    0.136391] Spectre V2 : Mitigation: Full generic retpoline
Apr 22 11:22:32 www kernel: [    0.137033] Spectre V2 : Spectre v2 / SpectreRSB mitigation: Filling RSB on context switch
Apr 22 11:22:32 www kernel: [    0.138033] Speculative Store Bypass: Vulnerable
Apr 22 11:22:32 www kernel: [    0.138585] MDS: Vulnerable: Clear CPU buffers attempted, no microcode
Apr 22 11:22:32 www kernel: [    0.145089] Freeing SMP alternatives memory: 40K
Apr 22 11:22:32 www kernel: [    0.255547] smpboot: CPU0: Intel Common KVM processor (family: 0xf, model: 0x6, stepping: 0x1)
Apr 22 11:22:32 www kernel: [    0.256387] Performance Events: unsupported Netburst CPU model 6 no PMU driver, software events only.
Apr 22 11:22:32 www kernel: [    0.256387] rcu: Hierarchical SRCU implementation.
Apr 22 11:22:32 www kernel: [    0.256387] NMI watchdog: Perf NMI watchdog permanently disabled
Apr 22 11:22:32 www kernel: [    0.256435] smp: Bringing up secondary CPUs ...
Apr 22 11:22:32 www kernel: [    0.257021] smp: Brought up 1 node, 1 CPU
Apr 22 11:22:32 www kernel: [    0.257568] smpboot: Max logical packages: 1
Apr 22 11:22:32 www kernel: [    0.258090] smpboot: Total of 1 processors activated (4199.99 BogoMIPS)
Apr 22 11:22:32 www kernel: [    0.259027] devtmpfs: initialized
Apr 22 11:22:32 www kernel: [    0.259506] x86/mm: Memory block size: 128MB
Apr 22 11:22:32 www kernel: [    0.260521] clocksource: jiffies: mask: 0xffffffff max_cycles: 0xffffffff, max_idle_ns: 7645041785100000 ns
Apr 22 11:22:32 www kernel: [    0.261623] futex hash table entries: 256 (order: 2, 16384 bytes, linear)
Apr 22 11:22:32 www kernel: [    0.262482] pinctrl core: initialized pinctrl subsystem
Apr 22 11:22:32 www kernel: [    0.263260] PM: RTC time: 09:22:19, date: 2022-04-22
Apr 22 11:22:32 www kernel: [    0.263974] NET: Registered protocol family 16
Apr 22 11:22:32 www kernel: [    0.264462] audit: initializing netlink subsys (disabled)
Apr 22 11:22:32 www kernel: [    0.265221] EISA bus registered
Apr 22 11:22:32 www kernel: [    0.265629] cpuidle: using governor ladder
Apr 22 11:22:32 www kernel: [    0.266125] cpuidle: using governor menu
Apr 22 11:22:32 www kernel: [    0.266643] ACPI: bus type PCI registered
Apr 22 11:22:32 www kernel: [    0.267142] acpiphp: ACPI Hot Plug PCI Controller Driver version: 0.5
Apr 22 11:22:32 www kernel: [    0.268013] PCI: Using configuration type 1 for base access
Apr 22 11:22:32 www kernel: [    0.268415] audit: type=2000 audit(1650619339.203:1): state=initialized audit_enabled=0 res=1
Apr 22 11:22:32 www kernel: [    0.270671] HugeTLB registered 2.00 MiB page size, pre-allocated 0 pages
Apr 22 11:22:32 www kernel: [    0.273110] ACPI: Added _OSI(Module Device)
Apr 22 11:22:32 www kernel: [    0.273718] ACPI: Added _OSI(Processor Device)
Apr 22 11:22:32 www kernel: [    0.274296] ACPI: Added _OSI(3.0 _SCP Extensions)
Apr 22 11:22:32 www kernel: [    0.274946] ACPI: Added _OSI(Processor Aggregator Device)
Apr 22 11:22:32 www kernel: [    0.275815] ACPI: Added _OSI(Linux-Dell-Video)
Apr 22 11:22:32 www kernel: [    0.276397] ACPI: Added _OSI(Linux-Lenovo-NV-HDMI-Audio)
Apr 22 11:22:32 www kernel: [    0.277045] ACPI: Added _OSI(Linux-HPI-Hybrid-Graphics)
Apr 22 11:22:32 www kernel: [    0.279236] ACPI: 2 ACPI AML tables successfully acquired and loaded
Apr 22 11:22:32 www kernel: [    0.281253] ACPI: Interpreter enabled
Apr 22 11:22:32 www kernel: [    0.281731] ACPI: (supports S0 S3 S4 S5)
Apr 22 11:22:32 www kernel: [    0.282211] ACPI: Using IOAPIC for interrupt routing
Apr 22 11:22:32 www kernel: [    0.282805] PCI: Using host bridge windows from ACPI; if necessary, use "pci=nocrs" and report a bug
Apr 22 11:22:32 www kernel: [    0.284013] ACPI: Enabled 3 GPEs in block 00 to 0F
Apr 22 11:22:32 www kernel: [    0.288623] ACPI: PCI Root Bridge [PCI0] (domain 0000 [bus 00-ff])
Apr 22 11:22:32 www kernel: [    0.289348] acpi PNP0A03:00: _OSC: OS supports [ASPM ClockPM Segments MSI HPX-Type3]
Apr 22 11:22:32 www kernel: [    0.290230] acpi PNP0A03:00: fail to add MMCONFIG information, can't access extended PCI configuration space under this bridge.
Apr 22 11:22:32 www kernel: [    0.291754] acpiphp: Slot [2] registered
Apr 22 11:22:32 www kernel: [    0.292252] acpiphp: Slot [3] registered
Apr 22 11:22:32 www kernel: [    0.292407] acpiphp: Slot [4] registered
Apr 22 11:22:32 www kernel: [    0.292901] acpiphp: Slot [5] registered
Apr 22 11:22:32 www kernel: [    0.293395] acpiphp: Slot [6] registered
Apr 22 11:22:32 www kernel: [    0.293888] acpiphp: Slot [7] registered
Apr 22 11:22:32 www kernel: [    0.294382] acpiphp: Slot [8] registered
Apr 22 11:22:32 www kernel: [    0.294901] acpiphp: Slot [9] registered
Apr 22 11:22:32 www kernel: [    0.295422] acpiphp: Slot [10] registered
Apr 22 11:22:32 www kernel: [    0.295995] acpiphp: Slot [11] registered
Apr 22 11:22:32 www kernel: [    0.296405] acpiphp: Slot [12] registered
Apr 22 11:22:32 www kernel: [    0.296906] acpiphp: Slot [13] registered
Apr 22 11:22:32 www kernel: [    0.297459] acpiphp: Slot [14] registered
Apr 22 11:22:32 www kernel: [    0.297961] acpiphp: Slot [15] registered
Apr 22 11:22:32 www kernel: [    0.298465] acpiphp: Slot [16] registered
Apr 22 11:22:32 www kernel: [    0.299057] acpiphp: Slot [17] registered
Apr 22 11:22:32 www kernel: [    0.299572] acpiphp: Slot [18] registered
Apr 22 11:22:32 www kernel: [    0.300406] acpiphp: Slot [19] registered
Apr 22 11:22:32 www kernel: [    0.300910] acpiphp: Slot [20] registered
Apr 22 11:22:32 www kernel: [    0.301443] acpiphp: Slot [21] registered
Apr 22 11:22:32 www kernel: [    0.301968] acpiphp: Slot [22] registered
Apr 22 11:22:32 www kernel: [    0.302469] acpiphp: Slot [23] registered
Apr 22 11:22:32 www kernel: [    0.302972] acpiphp: Slot [24] registered
Apr 22 11:22:32 www kernel: [    0.303550] acpiphp: Slot [25] registered
Apr 22 11:22:32 www kernel: [    0.304051] acpiphp: Slot [26] registered
Apr 22 11:22:32 www kernel: [    0.304405] acpiphp: Slot [27] registered
Apr 22 11:22:32 www kernel: [    0.304906] acpiphp: Slot [28] registered
Apr 22 11:22:32 www kernel: [    0.305519] acpiphp: Slot [29] registered
Apr 22 11:22:32 www kernel: [    0.306110] PCI host bridge to bus 0000:00
Apr 22 11:22:32 www kernel: [    0.306607] pci_bus 0000:00: root bus resource [io  0x0000-0x0cf7 window]
Apr 22 11:22:32 www kernel: [    0.307376] pci_bus 0000:00: root bus resource [io  0x0d00-0xffff window]
Apr 22 11:22:32 www kernel: [    0.308390] pci_bus 0000:00: root bus resource [mem 0x000a0000-0x000bffff window]
Apr 22 11:22:32 www kernel: [    0.309271] pci_bus 0000:00: root bus resource [mem 0x20000000-0xfebfffff window]
Apr 22 11:22:32 www kernel: [    0.310142] pci_bus 0000:00: root bus resource [mem 0x100000000-0x17fffffff window]
Apr 22 11:22:32 www kernel: [    0.310994] pci_bus 0000:00: root bus resource [bus 00-ff]
Apr 22 11:22:32 www kernel: [    0.311734] pci 0000:00:00.0: [8086:1237] type 00 class 0x060000
Apr 22 11:22:32 www kernel: [    0.312999] pci 0000:00:01.0: [8086:7000] type 00 class 0x060100
Apr 22 11:22:32 www kernel: [    0.314250] pci 0000:00:01.1: [8086:7010] type 00 class 0x010180
Apr 22 11:22:32 www kernel: [    0.316727] pci 0000:00:01.1: reg 0x20: [io  0xe0c0-0xe0cf]
Apr 22 11:22:32 www kernel: [    0.318072] pci 0000:00:01.1: legacy IDE quirk: reg 0x10: [io  0x01f0-0x01f7]
Apr 22 11:22:32 www kernel: [    0.318873] pci 0000:00:01.1: legacy IDE quirk: reg 0x14: [io  0x03f6]
Apr 22 11:22:32 www kernel: [    0.319995] pci 0000:00:01.1: legacy IDE quirk: reg 0x18: [io  0x0170-0x0177]
Apr 22 11:22:32 www kernel: [    0.320390] pci 0000:00:01.1: legacy IDE quirk: reg 0x1c: [io  0x0376]
Apr 22 11:22:32 www kernel: [    0.321749] pci 0000:00:01.2: [8086:7020] type 00 class 0x0c0300
Apr 22 11:22:32 www kernel: [    0.324903] pci 0000:00:01.2: reg 0x20: [io  0xe080-0xe09f]
Apr 22 11:22:32 www kernel: [    0.326588] pci 0000:00:01.3: [8086:7113] type 00 class 0x068000
Apr 22 11:22:32 www kernel: [    0.327920] pci 0000:00:01.3: quirk: [io  0x0600-0x063f] claimed by PIIX4 ACPI
Apr 22 11:22:32 www kernel: [    0.328399] pci 0000:00:01.3: quirk: [io  0x0700-0x070f] claimed by PIIX4 SMB
Apr 22 11:22:32 www kernel: [    0.329824] pci 0000:00:03.0: [1af4:1002] type 00 class 0x00ff00
Apr 22 11:22:32 www kernel: [    0.331496] pci 0000:00:03.0: reg 0x10: [io  0xe000-0xe03f]
Apr 22 11:22:32 www kernel: [    0.334070] pci 0000:00:03.0: reg 0x20: [mem 0xfea00000-0xfea03fff 64bit pref]
Apr 22 11:22:32 www kernel: [    0.336724] pci 0000:00:05.0: [1af4:1004] type 00 class 0x010000
Apr 22 11:22:32 www kernel: [    0.338488] pci 0000:00:05.0: reg 0x10: [io  0xe040-0xe07f]
Apr 22 11:22:32 www kernel: [    0.340228] pci 0000:00:05.0: reg 0x14: [mem 0xfe440000-0xfe440fff]
Apr 22 11:22:32 www kernel: [    0.343420] pci 0000:00:05.0: reg 0x20: [mem 0xfea04000-0xfea07fff 64bit pref]
Apr 22 11:22:32 www kernel: [    0.348605] pci 0000:00:12.0: [1af4:1000] type 00 class 0x020000
Apr 22 11:22:32 www kernel: [    0.350010] pci 0000:00:12.0: reg 0x10: [io  0xe0a0-0xe0bf]
Apr 22 11:22:32 www kernel: [    0.351257] pci 0000:00:12.0: reg 0x14: [mem 0xfe441000-0xfe441fff]
Apr 22 11:22:32 www kernel: [    0.353953] pci 0000:00:12.0: reg 0x20: [mem 0xfea08000-0xfea0bfff 64bit pref]
Apr 22 11:22:32 www kernel: [    0.355389] pci 0000:00:12.0: reg 0x30: [mem 0xfe400000-0xfe43ffff pref]
Apr 22 11:22:32 www kernel: [    0.359883] pci 0000:00:1e.0: [1b36:0001] type 01 class 0x060400
Apr 22 11:22:32 www kernel: [    0.361175] pci 0000:00:1e.0: reg 0x10: [mem 0xfe442000-0xfe4420ff 64bit]
Apr 22 11:22:32 www kernel: [    0.363518] pci 0000:00:1f.0: [1b36:0001] type 01 class 0x060400
Apr 22 11:22:32 www kernel: [    0.365156] pci 0000:00:1f.0: reg 0x10: [mem 0xfe443000-0xfe4430ff 64bit]
Apr 22 11:22:32 www kernel: [    0.367548] pci_bus 0000:01: extended config space not accessible
Apr 22 11:22:32 www kernel: [    0.368593] acpiphp: Slot [0] registered
Apr 22 11:22:32 www kernel: [    0.369098] acpiphp: Slot [1] registered
Apr 22 11:22:32 www kernel: [    0.369602] acpiphp: Slot [2-2] registered
Apr 22 11:22:32 www kernel: [    0.370124] acpiphp: Slot [3-2] registered
Apr 22 11:22:32 www kernel: [    0.370645] acpiphp: Slot [4-2] registered
Apr 22 11:22:32 www kernel: [    0.371195] acpiphp: Slot [5-2] registered
Apr 22 11:22:32 www kernel: [    0.371740] acpiphp: Slot [6-2] registered
Apr 22 11:22:32 www kernel: [    0.372262] acpiphp: Slot [7-2] registered
Apr 22 11:22:32 www kernel: [    0.372410] acpiphp: Slot [8-2] registered
Apr 22 11:22:32 www kernel: [    0.372931] acpiphp: Slot [9-2] registered
Apr 22 11:22:32 www kernel: [    0.373816] acpiphp: Slot [10-2] registered
Apr 22 11:22:32 www kernel: [    0.374378] acpiphp: Slot [11-2] registered
Apr 22 11:22:32 www kernel: [    0.375060] acpiphp: Slot [12-2] registered
Apr 22 11:22:32 www kernel: [    0.375641] acpiphp: Slot [13-2] registered
Apr 22 11:22:32 www kernel: [    0.376410] acpiphp: Slot [14-2] registered
Apr 22 11:22:32 www kernel: [    0.376934] acpiphp: Slot [15-2] registered
Apr 22 11:22:32 www kernel: [    0.377462] acpiphp: Slot [16-2] registered
Apr 22 11:22:32 www kernel: [    0.377989] acpiphp: Slot [17-2] registered
Apr 22 11:22:32 www kernel: [    0.378565] acpiphp: Slot [18-2] registered
Apr 22 11:22:32 www kernel: [    0.379125] acpiphp: Slot [19-2] registered
Apr 22 11:22:32 www kernel: [    0.379692] acpiphp: Slot [20-2] registered
Apr 22 11:22:32 www kernel: [    0.380408] acpiphp: Slot [21-2] registered
Apr 22 11:22:32 www kernel: [    0.380937] acpiphp: Slot [22-2] registered
Apr 22 11:22:32 www kernel: [    0.381466] acpiphp: Slot [23-2] registered
Apr 22 11:22:32 www kernel: [    0.381990] acpiphp: Slot [24-2] registered
Apr 22 11:22:32 www kernel: [    0.382516] acpiphp: Slot [25-2] registered
Apr 22 11:22:32 www kernel: [    0.383040] acpiphp: Slot [26-2] registered
Apr 22 11:22:32 www kernel: [    0.383651] acpiphp: Slot [27-2] registered
Apr 22 11:22:32 www kernel: [    0.384179] acpiphp: Slot [28-2] registered
Apr 22 11:22:32 www kernel: [    0.384409] acpiphp: Slot [29-2] registered
Apr 22 11:22:32 www kernel: [    0.384932] acpiphp: Slot [30] registered
Apr 22 11:22:32 www kernel: [    0.385438] acpiphp: Slot [31] registered
Apr 22 11:22:32 www kernel: [    0.392489] pci 0000:00:1e.0: PCI bridge to [bus 01]
Apr 22 11:22:32 www kernel: [    0.393091] pci 0000:00:1e.0:   bridge window [io  0xd000-0xdfff]
Apr 22 11:22:32 www kernel: [    0.393808] pci 0000:00:1e.0:   bridge window [mem 0xfe200000-0xfe3fffff]
Apr 22 11:22:32 www kernel: [    0.394607] pci 0000:00:1e.0:   bridge window [mem 0xfe800000-0xfe9fffff 64bit pref]
Apr 22 11:22:32 www kernel: [    0.395955] pci_bus 0000:02: extended config space not accessible
Apr 22 11:22:32 www kernel: [    0.396601] acpiphp: Slot [0-2] registered
Apr 22 11:22:32 www kernel: [    0.397124] acpiphp: Slot [1-2] registered
Apr 22 11:22:32 www kernel: [    0.397651] acpiphp: Slot [2-3] registered
Apr 22 11:22:32 www kernel: [    0.398220] acpiphp: Slot [3-3] registered
Apr 22 11:22:32 www kernel: [    0.398740] acpiphp: Slot [4-3] registered
Apr 22 11:22:32 www kernel: [    0.399317] acpiphp: Slot [5-3] registered
Apr 22 11:22:32 www kernel: [    0.399837] acpiphp: Slot [6-3] registered
Apr 22 11:22:32 www kernel: [    0.400409] acpiphp: Slot [7-3] registered
Apr 22 11:22:32 www kernel: [    0.400931] acpiphp: Slot [8-3] registered
Apr 22 11:22:32 www kernel: [    0.401451] acpiphp: Slot [9-3] registered
Apr 22 11:22:32 www kernel: [    0.401970] acpiphp: Slot [10-3] registered
Apr 22 11:22:32 www kernel: [    0.402765] acpiphp: Slot [11-3] registered
Apr 22 11:22:32 www kernel: [    0.403538] acpiphp: Slot [12-3] registered
Apr 22 11:22:32 www kernel: [    0.404414] acpiphp: Slot [13-3] registered
Apr 22 11:22:32 www kernel: [    0.405042] acpiphp: Slot [14-3] registered
Apr 22 11:22:32 www kernel: [    0.405628] acpiphp: Slot [15-3] registered
Apr 22 11:22:32 www kernel: [    0.406232] acpiphp: Slot [16-3] registered
Apr 22 11:22:32 www kernel: [    0.406948] acpiphp: Slot [17-3] registered
Apr 22 11:22:32 www kernel: [    0.407658] acpiphp: Slot [18-3] registered
Apr 22 11:22:32 www kernel: [    0.408235] acpiphp: Slot [19-3] registered
Apr 22 11:22:32 www kernel: [    0.408411] acpiphp: Slot [20-3] registered
Apr 22 11:22:32 www kernel: [    0.408941] acpiphp: Slot [21-3] registered
Apr 22 11:22:32 www kernel: [    0.409480] acpiphp: Slot [22-3] registered
Apr 22 11:22:32 www kernel: [    0.410008] acpiphp: Slot [23-3] registered
Apr 22 11:22:32 www kernel: [    0.410534] acpiphp: Slot [24-3] registered
Apr 22 11:22:32 www kernel: [    0.411140] acpiphp: Slot [25-3] registered
Apr 22 11:22:32 www kernel: [    0.411667] acpiphp: Slot [26-3] registered
Apr 22 11:22:32 www kernel: [    0.412411] acpiphp: Slot [27-3] registered
Apr 22 11:22:32 www kernel: [    0.412940] acpiphp: Slot [28-3] registered
Apr 22 11:22:32 www kernel: [    0.413469] acpiphp: Slot [29-3] registered
Apr 22 11:22:32 www kernel: [    0.413998] acpiphp: Slot [30-2] registered
Apr 22 11:22:32 www kernel: [    0.414672] acpiphp: Slot [31-2] registered
Apr 22 11:22:32 www kernel: [    0.422965] pci 0000:00:1f.0: PCI bridge to [bus 02]
Apr 22 11:22:32 www kernel: [    0.423760] pci 0000:00:1f.0:   bridge window [io  0xc000-0xcfff]
Apr 22 11:22:32 www kernel: [    0.424425] pci 0000:00:1f.0:   bridge window [mem 0xfe000000-0xfe1fffff]
Apr 22 11:22:32 www kernel: [    0.425406] pci 0000:00:1f.0:   bridge window [mem 0xfe600000-0xfe7fffff 64bit pref]
Apr 22 11:22:32 www kernel: [    0.427651] ACPI: PCI Interrupt Link [LNKA] (IRQs 5 *10 11)
Apr 22 11:22:32 www kernel: [    0.428508] ACPI: PCI Interrupt Link [LNKB] (IRQs 5 *10 11)
Apr 22 11:22:32 www kernel: [    0.429266] ACPI: PCI Interrupt Link [LNKC] (IRQs 5 10 *11)
Apr 22 11:22:32 www kernel: [    0.430019] ACPI: PCI Interrupt Link [LNKD] (IRQs 5 10 *11)
Apr 22 11:22:32 www kernel: [    0.430760] ACPI: PCI Interrupt Link [LNKS] (IRQs *9)
Apr 22 11:22:32 www kernel: [    0.431761] iommu: Default domain type: Translated 
Apr 22 11:22:32 www kernel: [    0.432553] SCSI subsystem initialized
Apr 22 11:22:32 www kernel: [    0.433056] libata version 3.00 loaded.
Apr 22 11:22:32 www kernel: [    0.433091] vgaarb: loaded
Apr 22 11:22:32 www kernel: [    0.433505] ACPI: bus type USB registered
Apr 22 11:22:32 www kernel: [    0.434008] usbcore: registered new interface driver usbfs
Apr 22 11:22:32 www kernel: [    0.434744] usbcore: registered new interface driver hub
Apr 22 11:22:32 www kernel: [    0.435497] usbcore: registered new device driver usb
Apr 22 11:22:32 www kernel: [    0.436416] pps_core: LinuxPPS API ver. 1 registered
Apr 22 11:22:32 www kernel: [    0.437043] pps_core: Software ver. 5.3.6 - Copyright 2005-2007 Rodolfo Giometti <giometti@linux.it>
Apr 22 11:22:32 www kernel: [    0.438131] PTP clock support registered
Apr 22 11:22:32 www kernel: [    0.438646] EDAC MC: Ver: 3.0.0
Apr 22 11:22:32 www kernel: [    0.439359] PCI: Using ACPI for IRQ routing
Apr 22 11:22:32 www kernel: [    0.439906] PCI: pci_cache_line_size set to 64 bytes
Apr 22 11:22:32 www kernel: [    0.440051] e820: reserve RAM buffer [mem 0x0009fc00-0x0009ffff]
Apr 22 11:22:32 www kernel: [    0.440053] e820: reserve RAM buffer [mem 0x1ffda000-0x1fffffff]
Apr 22 11:22:32 www kernel: [    0.440154] NetLabel: Initializing
Apr 22 11:22:32 www kernel: [    0.440390] NetLabel:  domain hash size = 128
Apr 22 11:22:32 www kernel: [    0.440964] NetLabel:  protocols = UNLABELED CIPSOv4 CALIPSO
Apr 22 11:22:32 www kernel: [    0.441636] NetLabel:  unlabeled traffic allowed by default
Apr 22 11:22:32 www kernel: [    0.442385] hpet: 3 channels of 0 reserved for per-cpu timers
Apr 22 11:22:32 www kernel: [    0.443121] hpet0: at MMIO 0xfed00000, IRQs 2, 8, 0
Apr 22 11:22:32 www kernel: [    0.443751] hpet0: 3 comparators, 64-bit 100.000000 MHz counter
Apr 22 11:22:32 www kernel: [    0.449440] clocksource: Switched to clocksource kvm-clock
Apr 22 11:22:32 www kernel: [    0.462097] *** VALIDATE bpf ***
Apr 22 11:22:32 www kernel: [    0.462659] VFS: Disk quotas dquot_6.6.0
Apr 22 11:22:32 www kernel: [    0.463162] VFS: Dquot-cache hash table entries: 512 (order 0, 4096 bytes)
Apr 22 11:22:32 www kernel: [    0.464049] *** VALIDATE ramfs ***
Apr 22 11:22:32 www kernel: [    0.464538] *** VALIDATE hugetlbfs ***
Apr 22 11:22:32 www kernel: [    0.465074] AppArmor: AppArmor Filesystem Enabled
Apr 22 11:22:32 www kernel: [    0.465720] pnp: PnP ACPI init
Apr 22 11:22:32 www kernel: [    0.466255] pnp 00:00: Plug and Play ACPI device, IDs PNP0501 (active)
Apr 22 11:22:32 www kernel: [    0.466276] pnp 00:01: Plug and Play ACPI device, IDs PNP0303 (active)
Apr 22 11:22:32 www kernel: [    0.466294] pnp 00:02: Plug and Play ACPI device, IDs PNP0f13 (active)
Apr 22 11:22:32 www kernel: [    0.466303] pnp 00:03: [dma 2]
Apr 22 11:22:32 www kernel: [    0.466311] pnp 00:03: Plug and Play ACPI device, IDs PNP0700 (active)
Apr 22 11:22:32 www kernel: [    0.466327] pnp 00:04: Plug and Play ACPI device, IDs PNP0b00 (active)
Apr 22 11:22:32 www kernel: [    0.466666] pnp: PnP ACPI: found 5 devices
Apr 22 11:22:32 www kernel: [    0.468086] thermal_sys: Registered thermal governor 'fair_share'
Apr 22 11:22:32 www kernel: [    0.468086] thermal_sys: Registered thermal governor 'bang_bang'
Apr 22 11:22:32 www kernel: [    0.468842] thermal_sys: Registered thermal governor 'step_wise'
Apr 22 11:22:32 www kernel: [    0.469577] thermal_sys: Registered thermal governor 'user_space'
Apr 22 11:22:32 www kernel: [    0.470313] thermal_sys: Registered thermal governor 'power_allocator'
Apr 22 11:22:32 www kernel: [    0.475579] clocksource: acpi_pm: mask: 0xffffff max_cycles: 0xffffff, max_idle_ns: 2085701024 ns
Apr 22 11:22:32 www kernel: [    0.477321] pci 0000:00:1e.0: PCI bridge to [bus 01]
Apr 22 11:22:32 www kernel: [    0.477969] pci 0000:00:1e.0:   bridge window [io  0xd000-0xdfff]
Apr 22 11:22:32 www kernel: [    0.479104] pci 0000:00:1e.0:   bridge window [mem 0xfe200000-0xfe3fffff]
Apr 22 11:22:32 www kernel: [    0.480158] pci 0000:00:1e.0:   bridge window [mem 0xfe800000-0xfe9fffff 64bit pref]
Apr 22 11:22:32 www kernel: [    0.481588] pci 0000:00:1f.0: PCI bridge to [bus 02]
Apr 22 11:22:32 www kernel: [    0.482277] pci 0000:00:1f.0:   bridge window [io  0xc000-0xcfff]
Apr 22 11:22:32 www kernel: [    0.483427] pci 0000:00:1f.0:   bridge window [mem 0xfe000000-0xfe1fffff]
Apr 22 11:22:32 www kernel: [    0.484479] pci 0000:00:1f.0:   bridge window [mem 0xfe600000-0xfe7fffff 64bit pref]
Apr 22 11:22:32 www kernel: [    0.485929] pci_bus 0000:00: resource 4 [io  0x0000-0x0cf7 window]
Apr 22 11:22:32 www kernel: [    0.486642] pci_bus 0000:00: resource 5 [io  0x0d00-0xffff window]
Apr 22 11:22:32 www kernel: [    0.487345] pci_bus 0000:00: resource 6 [mem 0x000a0000-0x000bffff window]
Apr 22 11:22:32 www kernel: [    0.488118] pci_bus 0000:00: resource 7 [mem 0x20000000-0xfebfffff window]
Apr 22 11:22:32 www kernel: [    0.488909] pci_bus 0000:00: resource 8 [mem 0x100000000-0x17fffffff window]
Apr 22 11:22:32 www kernel: [    0.489707] pci_bus 0000:01: resource 0 [io  0xd000-0xdfff]
Apr 22 11:22:32 www kernel: [    0.490349] pci_bus 0000:01: resource 1 [mem 0xfe200000-0xfe3fffff]
Apr 22 11:22:32 www kernel: [    0.491056] pci_bus 0000:01: resource 2 [mem 0xfe800000-0xfe9fffff 64bit pref]
Apr 22 11:22:32 www kernel: [    0.491865] pci_bus 0000:02: resource 0 [io  0xc000-0xcfff]
Apr 22 11:22:32 www kernel: [    0.492506] pci_bus 0000:02: resource 1 [mem 0xfe000000-0xfe1fffff]
Apr 22 11:22:32 www kernel: [    0.493215] pci_bus 0000:02: resource 2 [mem 0xfe600000-0xfe7fffff 64bit pref]
Apr 22 11:22:32 www kernel: [    0.494326] NET: Registered protocol family 2
Apr 22 11:22:32 www kernel: [    0.494886] IP idents hash table entries: 8192 (order: 4, 65536 bytes, linear)
Apr 22 11:22:32 www kernel: [    0.495874] tcp_listen_portaddr_hash hash table entries: 256 (order: 0, 4096 bytes, linear)
Apr 22 11:22:32 www kernel: [    0.496836] TCP established hash table entries: 4096 (order: 3, 32768 bytes, linear)
Apr 22 11:22:32 www kernel: [    0.497864] TCP bind hash table entries: 4096 (order: 4, 65536 bytes, linear)
Apr 22 11:22:32 www kernel: [    0.498681] TCP: Hash tables configured (established 4096 bind 4096)
Apr 22 11:22:32 www kernel: [    0.499481] UDP hash table entries: 256 (order: 1, 8192 bytes, linear)
Apr 22 11:22:32 www kernel: [    0.500228] UDP-Lite hash table entries: 256 (order: 1, 8192 bytes, linear)
Apr 22 11:22:32 www kernel: [    0.501107] NET: Registered protocol family 1
Apr 22 11:22:32 www kernel: [    0.501669] NET: Registered protocol family 44
Apr 22 11:22:32 www kernel: [    0.502234] pci 0000:00:01.0: PIIX3: Enabling Passive Release
Apr 22 11:22:32 www kernel: [    0.503013] pci 0000:00:00.0: Limiting direct PCI/PCI transfers
Apr 22 11:22:32 www kernel: [    0.503700] pci 0000:00:01.0: Activating ISA DMA hang workarounds
Apr 22 11:22:32 www kernel: [    0.526666] PCI Interrupt Link [LNKD] enabled at IRQ 11
Apr 22 11:22:32 www kernel: [    0.548554] pci 0000:00:01.2: quirk_usb_early_handoff+0x0/0x670 took 43090 usecs
Apr 22 11:22:32 www kernel: [    0.549462] PCI: CLS 0 bytes, default 64
Apr 22 11:22:32 www kernel: [    0.550041] Trying to unpack rootfs image as initramfs...
Apr 22 11:22:32 www kernel: [    0.913047] Freeing initrd memory: 26732K
Apr 22 11:22:32 www kernel: [    0.913660] clocksource: tsc: mask: 0xffffffffffffffff max_cycles: 0x1e452ca2c89, max_idle_ns: 440795231168 ns
Apr 22 11:22:32 www kernel: [    0.914816] check: Scanning for low memory corruption every 60 seconds
Apr 22 11:22:32 www kernel: [    0.915840] Initialise system trusted keyrings
Apr 22 11:22:32 www kernel: [    0.916551] Key type blacklist registered
Apr 22 11:22:32 www kernel: [    0.917205] workingset: timestamp_bits=36 max_order=17 bucket_order=0
Apr 22 11:22:32 www kernel: [    0.919186] zbud: loaded
Apr 22 11:22:32 www kernel: [    0.919841] squashfs: version 4.0 (2009/01/31) Phillip Lougher
Apr 22 11:22:32 www kernel: [    0.920694] fuse: init (API version 7.31)
Apr 22 11:22:32 www kernel: [    0.921239] *** VALIDATE fuse ***
Apr 22 11:22:32 www kernel: [    0.921693] *** VALIDATE fuse ***
Apr 22 11:22:32 www kernel: [    0.922210] Platform Keyring initialized
Apr 22 11:22:32 www kernel: [    0.926434] Key type asymmetric registered
Apr 22 11:22:32 www kernel: [    0.926937] Asymmetric key parser 'x509' registered
Apr 22 11:22:32 www kernel: [    0.927524] Block layer SCSI generic (bsg) driver version 0.4 loaded (major 244)
Apr 22 11:22:32 www kernel: [    0.928402] io scheduler mq-deadline registered
Apr 22 11:22:32 www kernel: [    0.929094] shpchp 0000:00:1e.0: Requesting control of SHPC hotplug via OSHP (\_SB_.PCI0.SF0_)
Apr 22 11:22:32 www kernel: [    0.930082] shpchp 0000:00:1e.0: Requesting control of SHPC hotplug via OSHP (\_SB_.PCI0)
Apr 22 11:22:32 www kernel: [    0.930994] shpchp 0000:00:1e.0: Cannot get control of SHPC hotplug
Apr 22 11:22:32 www kernel: [    0.931746] shpchp 0000:00:1f.0: Requesting control of SHPC hotplug via OSHP (\_SB_.PCI0.SF8_)
Apr 22 11:22:32 www kernel: [    0.932719] shpchp 0000:00:1f.0: Requesting control of SHPC hotplug via OSHP (\_SB_.PCI0)
Apr 22 11:22:32 www kernel: [    0.933653] shpchp 0000:00:1f.0: Cannot get control of SHPC hotplug
Apr 22 11:22:32 www kernel: [    0.934378] shpchp: Standard Hot Plug PCI Controller Driver version: 0.4
Apr 22 11:22:32 www kernel: [    0.935262] input: Power Button as /devices/LNXSYSTM:00/LNXPWRBN:00/input/input0
Apr 22 11:22:32 www kernel: [    0.936135] ACPI: Power Button [PWRF]
Apr 22 11:22:32 www kernel: [    0.956125] PCI Interrupt Link [LNKC] enabled at IRQ 10
Apr 22 11:22:32 www kernel: [    0.978150] PCI Interrupt Link [LNKA] enabled at IRQ 10
Apr 22 11:22:32 www kernel: [    1.003586] PCI Interrupt Link [LNKB] enabled at IRQ 11
Apr 22 11:22:32 www kernel: [    1.006366] Serial: 8250/16550 driver, 32 ports, IRQ sharing enabled
Apr 22 11:22:32 www kernel: [    1.030409] 00:00: ttyS0 at I/O 0x3f8 (irq = 4, base_baud = 115200) is a 16550A
Apr 22 11:22:32 www kernel: [    1.032455] Linux agpgart interface v0.103
Apr 22 11:22:32 www kernel: [    1.128466] loop: module loaded
Apr 22 11:22:32 www kernel: [    1.129025] ata_piix 0000:00:01.1: version 2.13
Apr 22 11:22:32 www kernel: [    1.129813] scsi host0: ata_piix
Apr 22 11:22:32 www kernel: [    1.130381] scsi host1: ata_piix
Apr 22 11:22:32 www kernel: [    1.130852] ata1: PATA max MWDMA2 cmd 0x1f0 ctl 0x3f6 bmdma 0xe0c0 irq 14
Apr 22 11:22:32 www kernel: [    1.131652] ata2: PATA max MWDMA2 cmd 0x170 ctl 0x376 bmdma 0xe0c8 irq 15
Apr 22 11:22:32 www kernel: [    1.132746] libphy: Fixed MDIO Bus: probed
Apr 22 11:22:32 www kernel: [    1.133289] tun: Universal TUN/TAP device driver, 1.6
Apr 22 11:22:32 www kernel: [    1.133974] PPP generic driver version 2.4.2
Apr 22 11:22:32 www kernel: [    1.134535] VFIO - User Level meta-driver version: 0.3
Apr 22 11:22:32 www kernel: [    1.135403] ehci_hcd: USB 2.0 'Enhanced' Host Controller (EHCI) Driver
Apr 22 11:22:32 www kernel: [    1.136153] ehci-pci: EHCI PCI platform driver
Apr 22 11:22:32 www kernel: [    1.136703] ehci-platform: EHCI generic platform driver
Apr 22 11:22:32 www kernel: [    1.137324] ohci_hcd: USB 1.1 'Open' Host Controller (OHCI) Driver
Apr 22 11:22:32 www kernel: [    1.138134] ohci-pci: OHCI PCI platform driver
Apr 22 11:22:32 www kernel: [    1.138674] ohci-platform: OHCI generic platform driver
Apr 22 11:22:32 www kernel: [    1.139292] uhci_hcd: USB Universal Host Controller Interface driver
Apr 22 11:22:32 www kernel: [    1.159991] uhci_hcd 0000:00:01.2: UHCI Host Controller
Apr 22 11:22:32 www kernel: [    1.160621] uhci_hcd 0000:00:01.2: new USB bus registered, assigned bus number 1
Apr 22 11:22:32 www kernel: [    1.161701] uhci_hcd 0000:00:01.2: detected 2 ports
Apr 22 11:22:32 www kernel: [    1.162458] uhci_hcd 0000:00:01.2: irq 11, io base 0x0000e080
Apr 22 11:22:32 www kernel: [    1.163493] usb usb1: New USB device found, idVendor=1d6b, idProduct=0001, bcdDevice= 5.04
Apr 22 11:22:32 www kernel: [    1.164857] usb usb1: New USB device strings: Mfr=3, Product=2, SerialNumber=1
Apr 22 11:22:32 www kernel: [    1.165954] usb usb1: Product: UHCI Host Controller
Apr 22 11:22:32 www kernel: [    1.166661] usb usb1: Manufacturer: Linux 5.4.0-86-generic uhci_hcd
Apr 22 11:22:32 www kernel: [    1.167499] usb usb1: SerialNumber: 0000:00:01.2
Apr 22 11:22:32 www kernel: [    1.168276] hub 1-0:1.0: USB hub found
Apr 22 11:22:32 www kernel: [    1.168817] hub 1-0:1.0: 2 ports detected
Apr 22 11:22:32 www kernel: [    1.169536] i8042: PNP: PS/2 Controller [PNP0303:KBD,PNP0f13:MOU] at 0x60,0x64 irq 1,12
Apr 22 11:22:32 www kernel: [    1.171354] serio: i8042 KBD port at 0x60,0x64 irq 1
Apr 22 11:22:32 www kernel: [    1.172016] serio: i8042 AUX port at 0x60,0x64 irq 12
Apr 22 11:22:32 www kernel: [    1.172757] mousedev: PS/2 mouse device common for all mice
Apr 22 11:22:32 www kernel: [    1.173788] input: AT Translated Set 2 keyboard as /devices/platform/i8042/serio0/input/input1
Apr 22 11:22:32 www kernel: [    1.175086] rtc_cmos 00:04: RTC can wake from S4
Apr 22 11:22:32 www kernel: [    1.176015] rtc_cmos 00:04: registered as rtc0
Apr 22 11:22:32 www kernel: [    1.176602] rtc_cmos 00:04: alarms up to one day, y3k, 242 bytes nvram, hpet irqs
Apr 22 11:22:32 www kernel: [    1.177540] i2c /dev entries driver
Apr 22 11:22:32 www kernel: [    1.178107] device-mapper: uevent: version 1.0.3
Apr 22 11:22:32 www kernel: [    1.178720] device-mapper: ioctl: 4.41.0-ioctl (2019-09-16) initialised: dm-devel@redhat.com
Apr 22 11:22:32 www kernel: [    1.179770] platform eisa.0: Probing EISA bus 0
Apr 22 11:22:32 www kernel: [    1.180423] platform eisa.0: EISA: Cannot allocate resource for mainboard
Apr 22 11:22:32 www kernel: [    1.181295] platform eisa.0: Cannot allocate resource for EISA slot 1
Apr 22 11:22:32 www kernel: [    1.182130] platform eisa.0: Cannot allocate resource for EISA slot 2
Apr 22 11:22:32 www kernel: [    1.182878] platform eisa.0: Cannot allocate resource for EISA slot 3
Apr 22 11:22:32 www kernel: [    1.183618] platform eisa.0: Cannot allocate resource for EISA slot 4
Apr 22 11:22:32 www kernel: [    1.184361] platform eisa.0: Cannot allocate resource for EISA slot 5
Apr 22 11:22:32 www kernel: [    1.185104] platform eisa.0: Cannot allocate resource for EISA slot 6
Apr 22 11:22:32 www kernel: [    1.185928] platform eisa.0: Cannot allocate resource for EISA slot 7
Apr 22 11:22:32 www kernel: [    1.186764] platform eisa.0: Cannot allocate resource for EISA slot 8
Apr 22 11:22:32 www kernel: [    1.187508] platform eisa.0: EISA: Detected 0 cards
Apr 22 11:22:32 www kernel: [    1.188084] intel_pstate: CPU model not supported
Apr 22 11:22:32 www kernel: [    1.188709] ledtrig-cpu: registered to indicate activity on CPUs
Apr 22 11:22:32 www kernel: [    1.189479] drop_monitor: Initializing network drop monitor service
Apr 22 11:22:32 www kernel: [    1.190459] NET: Registered protocol family 10
Apr 22 11:22:32 www kernel: [    1.197804] Segment Routing with IPv6
Apr 22 11:22:32 www kernel: [    1.198562] NET: Registered protocol family 17
Apr 22 11:22:32 www kernel: [    1.199412] Key type dns_resolver registered
Apr 22 11:22:32 www kernel: [    1.200362] RAS: Correctable Errors collector initialized.
Apr 22 11:22:32 www kernel: [    1.201081] IPI shorthand broadcast: enabled
Apr 22 11:22:32 www kernel: [    1.201657] sched_clock: Marking stable (1120804027, 80260377)->(1203021414, -1957010)
Apr 22 11:22:32 www kernel: [    1.202672] registered taskstats version 1
Apr 22 11:22:32 www kernel: [    1.203247] Loading compiled-in X.509 certificates
Apr 22 11:22:32 www kernel: [    1.204451] Loaded X.509 cert 'Build time autogenerated kernel key: d0809dce857ddaa6fe9812f63ec00856014edbcd'
Apr 22 11:22:32 www kernel: [    1.206159] Loaded X.509 cert 'Canonical Ltd. Live Patch Signing: 14df34d1a87cf37625abec039ef2bf521249b969'
Apr 22 11:22:32 www kernel: [    1.207835] Loaded X.509 cert 'Canonical Ltd. Kernel Module Signing: 88f752e560a1e0737e31163a466ad7b70a850c19'
Apr 22 11:22:32 www kernel: [    1.209009] zswap: loaded using pool lzo/zbud
Apr 22 11:22:32 www kernel: [    1.209635] Key type ._fscrypt registered
Apr 22 11:22:32 www kernel: [    1.210153] Key type .fscrypt registered
Apr 22 11:22:32 www kernel: [    1.215365] Key type big_key registered
Apr 22 11:22:32 www kernel: [    1.218971] Key type encrypted registered
Apr 22 11:22:32 www kernel: [    1.219596] AppArmor: AppArmor sha1 policy hashing enabled
Apr 22 11:22:32 www kernel: [    1.220485] ima: No TPM chip found, activating TPM-bypass!
Apr 22 11:22:32 www kernel: [    1.221372] ima: Allocated hash algorithm: sha1
Apr 22 11:22:32 www kernel: [    1.222130] ima: No architecture policies found
Apr 22 11:22:32 www kernel: [    1.222705] evm: Initialising EVM extended attributes:
Apr 22 11:22:32 www kernel: [    1.223386] evm: security.selinux
Apr 22 11:22:32 www kernel: [    1.223821] evm: security.SMACK64
Apr 22 11:22:32 www kernel: [    1.224245] evm: security.SMACK64EXEC
Apr 22 11:22:32 www kernel: [    1.224705] evm: security.SMACK64TRANSMUTE
Apr 22 11:22:32 www kernel: [    1.225326] evm: security.SMACK64MMAP
Apr 22 11:22:32 www kernel: [    1.225918] evm: security.apparmor
Apr 22 11:22:32 www kernel: [    1.226356] evm: security.ima
Apr 22 11:22:32 www kernel: [    1.226737] evm: security.capability
Apr 22 11:22:32 www kernel: [    1.227201] evm: HMAC attrs: 0x1
Apr 22 11:22:32 www kernel: [    1.227946] PM:   Magic number: 2:417:374
Apr 22 11:22:32 www kernel: [    1.228653] rtc_cmos 00:04: setting system clock to 2022-04-22T09:22:20 UTC (1650619340)
Apr 22 11:22:32 www kernel: [    1.292899] ata2.01: NODEV after polling detection
Apr 22 11:22:32 www kernel: [    1.293156] ata2.00: ATAPI: QEMU DVD-ROM, 2.5+, max UDMA/100
Apr 22 11:22:32 www kernel: [    1.294766] scsi 1:0:0:0: CD-ROM            QEMU     QEMU DVD-ROM     2.5+ PQ: 0 ANSI: 5
Apr 22 11:22:32 www kernel: [    1.296502] sr 1:0:0:0: [sr0] scsi3-mmc drive: 4x/4x cd/rw xa/form2 tray
Apr 22 11:22:32 www kernel: [    1.297279] cdrom: Uniform CD-ROM driver Revision: 3.20
Apr 22 11:22:32 www kernel: [    1.308935] sr 1:0:0:0: Attached scsi CD-ROM sr0
Apr 22 11:22:32 www kernel: [    1.308979] sr 1:0:0:0: Attached scsi generic sg0 type 5
Apr 22 11:22:32 www kernel: [    1.311098] Freeing unused decrypted memory: 2040K
Apr 22 11:22:32 www kernel: [    1.312734] Freeing unused kernel image memory: 2736K
Apr 22 11:22:32 www kernel: [    1.320416] Write protecting the kernel read-only data: 22528k
Apr 22 11:22:32 www kernel: [    1.323003] Freeing unused kernel image memory: 2008K
Apr 22 11:22:32 www kernel: [    1.324252] Freeing unused kernel image memory: 1128K
Apr 22 11:22:32 www kernel: [    1.334538] x86/mm: Checked W+X mappings: passed, no W+X pages found.
Apr 22 11:22:32 www kernel: [    1.336597] x86/mm: Checking user space page tables
Apr 22 11:22:32 www kernel: [    1.347893] x86/mm: Checked W+X mappings: passed, no W+X pages found.
Apr 22 11:22:32 www kernel: [    1.348642] Run /init as init process
Apr 22 11:22:32 www kernel: [    1.932755] FDC 0 is a S82078B
Apr 22 11:22:32 www kernel: [    1.945459] scsi host2: Virtio SCSI HBA
Apr 22 11:22:32 www kernel: [    1.946728] scsi 2:0:0:0: Direct-Access     QEMU     QEMU HARDDISK    2.5+ PQ: 0 ANSI: 5
Apr 22 11:22:32 www kernel: [    1.953305] input: VirtualPS/2 VMware VMMouse as /devices/platform/i8042/serio1/input/input4
Apr 22 11:22:32 www kernel: [    1.954473] input: VirtualPS/2 VMware VMMouse as /devices/platform/i8042/serio1/input/input3
Apr 22 11:22:32 www kernel: [    1.959410] random: fast init done
Apr 22 11:22:32 www kernel: [    1.960026] random: systemd-udevd: uninitialized urandom read (16 bytes read)
Apr 22 11:22:32 www kernel: [    1.963756] random: systemd-udevd: uninitialized urandom read (16 bytes read)
Apr 22 11:22:32 www kernel: [    1.965743] sd 2:0:0:0: Power-on or device reset occurred
Apr 22 11:22:32 www kernel: [    1.966454] sd 2:0:0:0: Attached scsi generic sg1 type 0
Apr 22 11:22:32 www kernel: [    1.967189] sd 2:0:0:0: [sda] 42360832 512-byte logical blocks: (21.7 GB/20.2 GiB)
Apr 22 11:22:32 www kernel: [    1.968158] sd 2:0:0:0: [sda] Write Protect is off
Apr 22 11:22:32 www kernel: [    1.968753] sd 2:0:0:0: [sda] Mode Sense: 63 00 00 08
Apr 22 11:22:32 www kernel: [    1.968994] sd 2:0:0:0: [sda] Write cache: enabled, read cache: enabled, doesn't support DPO or FUA
Apr 22 11:22:32 www kernel: [    1.970388] random: systemd-udevd: uninitialized urandom read (16 bytes read)
Apr 22 11:22:32 www kernel: [    1.974344] GPT:Primary header thinks Alt. header is not at the end of the disk.
Apr 22 11:22:32 www kernel: [    1.975216] GPT:4612095 != 42360831
Apr 22 11:22:32 www kernel: [    1.975654] GPT:Alternate GPT header not at the end of the disk.
Apr 22 11:22:32 www kernel: [    1.976343] GPT:4612095 != 42360831
Apr 22 11:22:32 www kernel: [    1.976793] GPT: Use GNU Parted to correct GPT errors.
Apr 22 11:22:32 www kernel: [    1.977445]  sda: sda1 sda14 sda15
Apr 22 11:22:32 www kernel: [    1.984707] sd 2:0:0:0: [sda] Attached SCSI disk
Apr 22 11:22:32 www kernel: [    2.029213] virtio_net virtio2 ens18: renamed from eth0
Apr 22 11:22:32 www kernel: [    3.224445] raid6: sse2x4   gen() 12899 MB/s
Apr 22 11:22:32 www kernel: [    3.272395] raid6: sse2x4   xor()  8938 MB/s
Apr 22 11:22:32 www kernel: [    3.320513] raid6: sse2x2   gen()  8700 MB/s
Apr 22 11:22:32 www kernel: [    3.368393] raid6: sse2x2   xor()  6511 MB/s
Apr 22 11:22:32 www kernel: [    3.416493] raid6: sse2x1   gen() 10341 MB/s
Apr 22 11:22:32 www kernel: [    3.464395] raid6: sse2x1   xor()  6927 MB/s
Apr 22 11:22:32 www kernel: [    3.464920] raid6: using algorithm sse2x4 gen() 12899 MB/s
Apr 22 11:22:32 www kernel: [    3.465569] raid6: .... xor() 8938 MB/s, rmw enabled
Apr 22 11:22:32 www kernel: [    3.466197] raid6: using intx1 recovery algorithm
Apr 22 11:22:32 www kernel: [    3.467850] xor: measuring software checksum speed
Apr 22 11:22:32 www kernel: [    3.508393]    prefetch64-sse: 19636.000 MB/sec
Apr 22 11:22:32 www kernel: [    3.548392]    generic_sse: 17937.000 MB/sec
Apr 22 11:22:32 www kernel: [    3.548911] xor: using function: prefetch64-sse (19636.000 MB/sec)
Apr 22 11:22:32 www kernel: [    3.550517] async_tx: api initialized (async)
Apr 22 11:22:32 www kernel: [    3.597319] Btrfs loaded, crc32c=crc32c-generic
Apr 22 11:22:32 www kernel: [    3.625876] EXT4-fs (sda1): mounted filesystem with ordered data mode. Opts: (null)
Apr 22 11:22:32 www kernel: [    3.782522] systemd[1]: Inserted module 'autofs4'
Apr 22 11:22:32 www kernel: [    3.793767] systemd[1]: systemd 245.4-4ubuntu3.13 running in system mode. (+PAM +AUDIT +SELINUX +IMA +APPARMOR +SMACK +SYSVINIT +UTMP +LIBCRYPTSETUP +GCRYPT +GNUTLS +ACL +XZ +LZ4 +SECCOMP +BLKID +ELFUTILS +KMOD +IDN2 -IDN +PCRE2 default-hierarchy=hybrid)
Apr 22 11:22:32 www kernel: [    3.796295] systemd[1]: Detected virtualization kvm.
Apr 22 11:22:32 www kernel: [    3.796913] systemd[1]: Detected architecture x86-64.
Apr 22 11:22:32 www kernel: [    3.800826] systemd[1]: Set hostname to <ubuntu>.
Apr 22 11:22:32 www kernel: [    4.044631] systemd[1]: Created slice system-modprobe.slice.
Apr 22 11:22:32 www kernel: [    4.046524] systemd[1]: Created slice system-serial\x2dgetty.slice.
Apr 22 11:22:32 www kernel: [    4.048383] systemd[1]: Created slice system-systemd\x2dfsck.slice.
Apr 22 11:22:32 www kernel: [    4.050352] systemd[1]: Created slice User and Session Slice.
Apr 22 11:22:32 www kernel: [    4.051878] systemd[1]: Started Forward Password Requests to Wall Directory Watch.
Apr 22 11:22:32 www kernel: [    4.054187] systemd[1]: Set up automount Arbitrary Executable File Formats File System Automount Point.
Apr 22 11:22:32 www kernel: [    4.056392] systemd[1]: Reached target User and Group Name Lookups.
Apr 22 11:22:32 www kernel: [    4.058158] systemd[1]: Reached target Slices.
Apr 22 11:22:32 www kernel: [    4.059487] systemd[1]: Reached target Swap.
Apr 22 11:22:32 www kernel: [    4.060930] systemd[1]: Listening on Device-mapper event daemon FIFOs.
Apr 22 11:22:32 www kernel: [    4.062760] systemd[1]: Listening on LVM2 poll daemon socket.
Apr 22 11:22:32 www kernel: [    4.064387] systemd[1]: Listening on multipathd control socket.
Apr 22 11:22:32 www kernel: [    4.066078] systemd[1]: Listening on Syslog Socket.
Apr 22 11:22:32 www kernel: [    4.067619] systemd[1]: Listening on fsck to fsckd communication Socket.
Apr 22 11:22:32 www kernel: [    4.069718] systemd[1]: Listening on initctl Compatibility Named Pipe.
Apr 22 11:22:32 www kernel: [    4.071669] systemd[1]: Listening on Journal Audit Socket.
Apr 22 11:22:32 www kernel: [    4.073249] systemd[1]: Listening on Journal Socket (/dev/log).
Apr 22 11:22:32 www kernel: [    4.074950] systemd[1]: Listening on Journal Socket.
Apr 22 11:22:32 www kernel: [    4.076544] systemd[1]: Listening on Network Service Netlink Socket.
Apr 22 11:22:32 www kernel: [    4.078282] systemd[1]: Listening on udev Control Socket.
Apr 22 11:22:32 www kernel: [    4.079811] systemd[1]: Listening on udev Kernel Socket.
Apr 22 11:22:32 www kernel: [    4.082187] systemd[1]: Mounting Huge Pages File System...
Apr 22 11:22:32 www kernel: [    4.084441] systemd[1]: Mounting POSIX Message Queue File System...
Apr 22 11:22:32 www kernel: [    4.089722] systemd[1]: Mounting Kernel Debug File System...
Apr 22 11:22:32 www kernel: [    4.095698] systemd[1]: Mounting Kernel Trace File System...
Apr 22 11:22:32 www kernel: [    4.099396] systemd[1]: Starting Journal Service...
Apr 22 11:22:32 www kernel: [    4.109613] systemd[1]: Starting Set the console keyboard layout...
Apr 22 11:22:32 www kernel: [    4.116584] systemd[1]: Starting Create list of static device nodes for the current kernel...
Apr 22 11:22:32 www kernel: [    4.133552] systemd[1]: Starting Monitoring of LVM2 mirrors, snapshots etc. using dmeventd or progress polling...
Apr 22 11:22:32 www kernel: [    4.148568] systemd[1]: Starting Load Kernel Module drm...
Apr 22 11:22:32 www kernel: [    4.156120] systemd[1]: Condition check resulted in OpenVSwitch configuration for cleanup being skipped.
Apr 22 11:22:32 www kernel: [    4.171631] systemd[1]: Condition check resulted in Set Up Additional Binary Formats being skipped.
Apr 22 11:22:32 www kernel: [    4.180416] systemd[1]: Starting File System Check on Root Device...
Apr 22 11:22:32 www kernel: [    4.189346] systemd[1]: Starting Load Kernel Modules...
Apr 22 11:22:32 www kernel: [    4.208580] systemd[1]: Starting udev Coldplug all Devices...
Apr 22 11:22:32 www kernel: [    4.225824] systemd[1]: Starting Uncomplicated firewall...
Apr 22 11:22:32 www kernel: [    4.243416] systemd[1]: Mounted Huge Pages File System.
Apr 22 11:22:32 www kernel: [    4.248712] systemd[1]: Mounted POSIX Message Queue File System.
Apr 22 11:22:32 www kernel: [    4.252611] systemd[1]: Mounted Kernel Debug File System.
Apr 22 11:22:32 www kernel: [    4.264586] systemd[1]: Mounted Kernel Trace File System.
Apr 22 11:22:32 www kernel: [    4.268861] systemd[1]: Finished Create list of static device nodes for the current kernel.
Apr 22 11:22:32 www kernel: [    4.276539] systemd[1]: Finished Monitoring of LVM2 mirrors, snapshots etc. using dmeventd or progress polling.
Apr 22 11:22:32 www kernel: [    4.284993] systemd[1]: modprobe@drm.service: Succeeded.
Apr 22 11:22:32 www kernel: [    4.288673] systemd[1]: Finished Load Kernel Module drm.
Apr 22 11:22:32 www kernel: [    4.293232] systemd[1]: Finished File System Check on Root Device.
Apr 22 11:22:32 www kernel: [    4.305382] systemd[1]: Finished Load Kernel Modules.
Apr 22 11:22:32 www kernel: [    4.308072] systemd[1]: Finished Uncomplicated firewall.
Apr 22 11:22:32 www kernel: [    4.325889] systemd[1]: Mounting FUSE Control File System...
Apr 22 11:22:32 www kernel: [    4.343050] systemd[1]: Mounting Kernel Configuration File System...
Apr 22 11:22:32 www kernel: [    4.360885] systemd[1]: Started File System Check Daemon to report status.
Apr 22 11:22:32 www kernel: [    4.377366] systemd[1]: Starting Remount Root and Kernel File Systems...
Apr 22 11:22:32 www kernel: [    4.392594] systemd[1]: Starting Apply Kernel Variables...
Apr 22 11:22:32 www kernel: [    4.400250] EXT4-fs (sda1): re-mounted. Opts: (null)
Apr 22 11:22:32 www kernel: [    4.402744] systemd[1]: Started Journal Service.
Apr 22 11:22:32 www kernel: [    4.450926] systemd-journald[317]: Received client request to flush runtime journal.
Apr 22 11:22:32 www kernel: [    5.782779] alua: device handler registered
Apr 22 11:22:32 www kernel: [    5.783770] emc: device handler registered
Apr 22 11:22:32 www kernel: [    5.785642] rdac: device handler registered
Apr 22 11:22:32 www kernel: [    6.460238] audit: type=1400 audit(1650619345.724:2): apparmor="STATUS" operation="profile_load" profile="unconfined" name="/usr/lib/NetworkManager/nm-dhcp-client.action" pid=470 comm="apparmor_parser"
Apr 22 11:22:32 www kernel: [    6.460916] audit: type=1400 audit(1650619345.728:3): apparmor="STATUS" operation="profile_load" profile="unconfined" name="/usr/lib/NetworkManager/nm-dhcp-helper" pid=470 comm="apparmor_parser"
Apr 22 11:22:32 www kernel: [    6.461400] audit: type=1400 audit(1650619345.728:4): apparmor="STATUS" operation="profile_load" profile="unconfined" name="/usr/lib/connman/scripts/dhclient-script" pid=470 comm="apparmor_parser"
Apr 22 11:22:32 www kernel: [    6.462161] audit: type=1400 audit(1650619345.728:5): apparmor="STATUS" operation="profile_load" profile="unconfined" name="/{,usr/}sbin/dhclient" pid=470 comm="apparmor_parser"
Apr 22 11:22:32 www kernel: [    6.552152] audit: type=1400 audit(1650619345.816:6): apparmor="STATUS" operation="profile_load" profile="unconfined" name="lsb_release" pid=479 comm="apparmor_parser"
Apr 22 11:22:32 www kernel: [    6.637039] audit: type=1400 audit(1650619345.904:7): apparmor="STATUS" operation="profile_load" profile="unconfined" name="/usr/bin/man" pid=481 comm="apparmor_parser"
Apr 22 11:22:32 www kernel: [    6.637530] audit: type=1400 audit(1650619345.904:8): apparmor="STATUS" operation="profile_load" profile="unconfined" name="man_filter" pid=481 comm="apparmor_parser"
Apr 22 11:22:32 www kernel: [    6.638070] audit: type=1400 audit(1650619345.904:9): apparmor="STATUS" operation="profile_load" profile="unconfined" name="man_groff" pid=481 comm="apparmor_parser"
Apr 22 11:22:32 www kernel: [    6.687418] audit: type=1400 audit(1650619345.952:10): apparmor="STATUS" operation="profile_load" profile="unconfined" name="nvidia_modprobe" pid=482 comm="apparmor_parser"
Apr 22 11:22:32 www kernel: [    6.687919] audit: type=1400 audit(1650619345.952:11): apparmor="STATUS" operation="profile_load" profile="unconfined" name="nvidia_modprobe//kmod" pid=482 comm="apparmor_parser"
Apr 22 11:22:32 www kernel: [    7.076996] random: crng init done
Apr 22 11:22:32 www kernel: [    7.077001] random: 7 urandom warning(s) missed due to ratelimiting
Apr 22 11:22:32 www kernel: [    8.232922] ISO 9660 Extensions: RRIP_1991A
Apr 22 11:22:32 www kernel: [    8.375005] virtio_net virtio2 eth0: renamed from ens18
Apr 22 11:22:32 www kernel: [   12.163227] EXT4-fs (sda1): resizing filesystem from 548091 to 5266683 blocks
Apr 22 11:22:32 www kernel: [   12.190924] EXT4-fs (sda1): resized filesystem to 5266683
Apr 22 11:22:32 www systemd-modules-load[329]: Inserted module 'msr'
Apr 22 11:22:32 www systemd-fsck[331]: cloudimg-rootfs: clean, 73355/274176 files, 406852/548091 blocks
Apr 22 11:22:32 www systemd-sysctl[339]: Not setting net/ipv4/conf/all/promote_secondaries (explicit setting exists).
Apr 22 11:22:32 www systemd-sysctl[339]: Not setting net/ipv4/conf/default/promote_secondaries (explicit setting exists).
Apr 22 11:22:32 www systemd[1]: Mounted FUSE Control File System.
Apr 22 11:22:32 www systemd[1]: Mounted Kernel Configuration File System.
Apr 22 11:22:32 www systemd[1]: Finished Remount Root and Kernel File Systems.
Apr 22 11:22:32 www systemd[1]: Finished Apply Kernel Variables.
Apr 22 11:22:32 www systemd[1]: Finished Set the console keyboard layout.
Apr 22 11:22:32 www systemd[1]: Condition check resulted in Rebuild Hardware Database being skipped.
Apr 22 11:22:32 www systemd[1]: Starting Flush Journal to Persistent Storage...
Apr 22 11:22:32 www systemd[1]: Condition check resulted in Platform Persistent Storage Archival being skipped.
Apr 22 11:22:32 www systemd[1]: Starting Load/Save Random Seed...
Apr 22 11:22:32 www systemd[1]: Starting Create System Users...
Apr 22 11:22:32 www systemd[1]: Finished Load/Save Random Seed.
Apr 22 11:22:32 www systemd[1]: Finished Flush Journal to Persistent Storage.
Apr 22 11:22:32 www systemd-sysusers[345]: Creating group systemd-coredump with gid 999.
Apr 22 11:22:32 www systemd-sysusers[345]: Creating user systemd-coredump (systemd Core Dumper) with uid 999 and gid 999.
Apr 22 11:22:32 www systemd[1]: Finished udev Coldplug all Devices.
Apr 22 11:22:32 www systemd[1]: Starting udev Wait for Complete Device Initialization...
Apr 22 11:22:32 www systemd[1]: Finished Create System Users.
Apr 22 11:22:32 www systemd[1]: Starting Create Static Device Nodes in /dev...
Apr 22 11:22:32 www systemd[1]: Finished Create Static Device Nodes in /dev.
Apr 22 11:22:32 www systemd[1]: Starting udev Kernel Device Manager...
Apr 22 11:22:32 www systemd[1]: Started udev Kernel Device Manager.
Apr 22 11:22:32 www systemd[1]: Condition check resulted in Show Plymouth Boot Screen being skipped.
Apr 22 11:22:32 www systemd[1]: Started Dispatch Password Requests to Console Directory Watch.
Apr 22 11:22:32 www systemd[1]: Condition check resulted in Forward Password Requests to Plymouth Directory Watch being skipped.
Apr 22 11:22:32 www systemd[1]: Reached target Local Encrypted Volumes.
Apr 22 11:22:32 www systemd-udevd[355]: Using default interface naming scheme 'v245'.
Apr 22 11:22:32 www systemd-udevd[355]: ethtool: autonegotiation is unset or enabled, the speed and duplex are not writable.
Apr 22 11:22:32 www systemd[1]: Found device /dev/ttyS0.
Apr 22 11:22:32 www systemd[1]: Listening on Load/Save RF Kill Switch Status /dev/rfkill Watch.
Apr 22 11:22:32 www systemd-udevd[351]: ethtool: autonegotiation is unset or enabled, the speed and duplex are not writable.
Apr 22 11:22:32 www udevadm[348]: systemd-udev-settle.service is deprecated.
Apr 22 11:22:32 www systemd[1]: Found device QEMU_HARDDISK UEFI.
Apr 22 11:22:32 www systemd[1]: Finished udev Wait for Complete Device Initialization.
Apr 22 11:22:32 www systemd[1]: Starting Device-Mapper Multipath Device Controller...
Apr 22 11:22:32 www multipathd[441]: --------start up--------
Apr 22 11:22:32 www multipathd[441]: read /etc/multipath.conf
Apr 22 11:22:32 www multipathd[441]: path checkers start up
Apr 22 11:22:32 www systemd[1]: Started Device-Mapper Multipath Device Controller.
Apr 22 11:22:32 www systemd[1]: Reached target Local File Systems (Pre).
Apr 22 11:22:32 www systemd[1]: Mounting Mount unit for core20, revision 1081...
Apr 22 11:22:32 www systemd[1]: Mounting Mount unit for lxd, revision 21545...
Apr 22 11:22:32 www systemd[1]: Mounting Mount unit for snapd, revision 13170...
Apr 22 11:22:32 www systemd[1]: Starting File System Check on /dev/disk/by-label/UEFI...
Apr 22 11:22:32 www systemd[1]: Mounted Mount unit for core20, revision 1081.
Apr 22 11:22:32 www systemd-fsck[455]: fsck.fat 4.1 (2017-01-24)
Apr 22 11:22:32 www systemd-fsck[455]: /dev/sda15: 12 files, 10642/213716 clusters
Apr 22 11:22:32 www systemd[1]: Mounted Mount unit for lxd, revision 21545.
Apr 22 11:22:32 www systemd[1]: Mounted Mount unit for snapd, revision 13170.
Apr 22 11:22:32 www systemd[1]: Finished File System Check on /dev/disk/by-label/UEFI.
Apr 22 11:22:32 www systemd[1]: Mounting /boot/efi...
Apr 22 11:22:32 www systemd[1]: Mounted /boot/efi.
Apr 22 11:22:32 www systemd[1]: Reached target Local File Systems.
Apr 22 11:22:32 www systemd[1]: Starting Load AppArmor profiles...
Apr 22 11:22:32 www systemd[1]: Starting Set console font and keymap...
Apr 22 11:22:32 www systemd[1]: Starting Create final runtime dir for shutdown pivot root...
Apr 22 11:22:32 www systemd[1]: Condition check resulted in LXD - agent - 9p mount being skipped.
Apr 22 11:22:32 www systemd[1]: Condition check resulted in LXD - agent being skipped.
Apr 22 11:22:32 www apparmor.systemd[459]: Restarting AppArmor
Apr 22 11:22:32 www apparmor.systemd[459]: Reloading AppArmor profiles
Apr 22 11:22:32 www systemd[1]: Starting Tell Plymouth To Write Out Runtime Data...
Apr 22 11:22:32 www systemd[1]: Condition check resulted in Store a System Token in an EFI Variable being skipped.
Apr 22 11:22:32 www systemd[1]: Condition check resulted in Commit a transient machine-id on disk being skipped.
Apr 22 11:22:32 www systemd[1]: Starting Create Volatile Files and Directories...
Apr 22 11:22:32 www systemd[1]: Finished Set console font and keymap.
Apr 22 11:22:32 www systemd[1]: Finished Create final runtime dir for shutdown pivot root.
Apr 22 11:22:32 www systemd[1]: plymouth-read-write.service: Succeeded.
Apr 22 11:22:32 www systemd[1]: Finished Tell Plymouth To Write Out Runtime Data.
Apr 22 11:22:32 www systemd[1]: Finished Create Volatile Files and Directories.
Apr 22 11:22:32 www systemd[1]: Starting Network Time Synchronization...
Apr 22 11:22:32 www systemd[1]: Starting Update UTMP about System Boot/Shutdown...
Apr 22 11:22:32 www systemd[1]: Finished Update UTMP about System Boot/Shutdown.
Apr 22 11:22:32 www systemd[1]: Started Network Time Synchronization.
Apr 22 11:22:32 www systemd[1]: Reached target System Time Set.
Apr 22 11:22:32 www systemd[1]: Reached target System Time Synchronized.
Apr 22 11:22:32 www apparmor.systemd[480]: Skipping profile in /etc/apparmor.d/disable: usr.sbin.rsyslogd
Apr 22 11:22:32 www systemd[1]: Finished Load AppArmor profiles.
Apr 22 11:22:32 www systemd[1]: Starting Load AppArmor profiles managed internally by snapd...
Apr 22 11:22:32 www systemd[1]: Condition check resulted in Authentication service for virtual machines hosted on VMware being skipped.
Apr 22 11:22:32 www systemd[1]: Condition check resulted in Service for virtual machines hosted on VMware being skipped.
Apr 22 11:22:32 www systemd[1]: Starting Initial cloud-init job (pre-networking)...
Apr 22 11:22:32 www systemd[1]: run-cloud\x2dinit-tmp-tmph14rkrzi.mount: Succeeded.
Apr 22 11:22:32 www systemd-udevd[352]: Using default interface naming scheme 'v245'.
Apr 22 11:22:32 www systemd-udevd[352]: ethtool: autonegotiation is unset or enabled, the speed and duplex are not writable.
Apr 22 11:22:32 www systemd[1]: Condition check resulted in OpenVSwitch configuration for cleanup being skipped.
Apr 22 11:22:32 www cloud-init[501]: Cloud-init v. 21.2-3-g899bfaa9-0ubuntu2~20.04.1 running 'init-local' at Fri, 22 Apr 2022 09:22:27 +0000. Up 7.99 seconds.
Apr 22 11:22:32 www systemd[1]: Finished Initial cloud-init job (pre-networking).
Apr 22 11:22:32 www systemd[1]: Reached target Network (Pre).
Apr 22 11:22:32 www systemd[1]: Starting Network Service...
Apr 22 11:22:32 www systemd-networkd[533]: Enumeration completed
Apr 22 11:22:32 www systemd[1]: Started Network Service.
Apr 22 11:22:32 www systemd[1]: Starting Wait for Network to be Configured...
Apr 22 11:22:32 www systemd-networkd[533]: eth0: IPv6 successfully enabled
Apr 22 11:22:32 www systemd[1]: Starting Network Name Resolution...
Apr 22 11:22:32 www systemd-networkd[533]: eth0: Link UP
Apr 22 11:22:32 www systemd-networkd[533]: eth0: Gained carrier
Apr 22 11:22:32 www systemd-timesyncd[472]: Network configuration changed, trying to establish connection.
Apr 22 11:22:32 www systemd-resolved[535]: Positive Trust Anchors:
Apr 22 11:22:32 www systemd-resolved[535]: . IN DS 20326 8 2 e06d44b80b8f1d39a95c0b0d7c65d08458e880409bbc683457104237c7f8ec8d
Apr 22 11:22:32 www systemd-resolved[535]: Negative trust anchors: 10.in-addr.arpa 16.172.in-addr.arpa 17.172.in-addr.arpa 18.172.in-addr.arpa 19.172.in-addr.arpa 20.172.in-addr.arpa 21.172.in-addr.arpa 22.172.in-addr.arpa 23.172.in-addr.arpa 24.172.in-addr.arpa 25.172.in-addr.arpa 26.172.in-addr.arpa 27.172.in-addr.arpa 28.172.in-addr.arpa 29.172.in-addr.arpa 30.172.in-addr.arpa 31.172.in-addr.arpa 168.192.in-addr.arpa d.f.ip6.arpa corp home internal intranet lan local private test
Apr 22 11:22:32 www systemd-resolved[535]: Using system hostname 'ubuntu'.
Apr 22 11:22:32 www systemd[1]: Started Network Name Resolution.
Apr 22 11:22:32 www systemd[1]: Reached target Network.
Apr 22 11:22:32 www systemd[1]: Reached target Host and Network Name Lookups.
Apr 22 11:22:32 www systemd[1]: Finished Load AppArmor profiles managed internally by snapd.
Apr 22 11:22:32 www systemd-networkd[533]: eth0: Gained IPv6LL
Apr 22 11:22:32 www systemd-networkd-wait-online[534]: managing: eth0
Apr 22 11:22:32 www systemd-timesyncd[472]: Network configuration changed, trying to establish connection.
Apr 22 11:22:32 www systemd[1]: Finished Wait for Network to be Configured.
Apr 22 11:22:32 www systemd[1]: Starting Initial cloud-init job (metadata service crawler)...
Apr 22 11:22:32 www cloud-init[556]: Cloud-init v. 21.2-3-g899bfaa9-0ubuntu2~20.04.1 running 'init' at Fri, 22 Apr 2022 09:22:30 +0000. Up 11.46 seconds.
Apr 22 11:22:32 www cloud-init[556]: ci-info: +++++++++++++++++++++++++++++++++++++++Net device info+++++++++++++++++++++++++++++++++++++++
Apr 22 11:22:32 www cloud-init[556]: ci-info: +--------+------+------------------------------+---------------+--------+-------------------+
Apr 22 11:22:32 www cloud-init[556]: ci-info: | Device |  Up  |           Address            |      Mask     | Scope  |     Hw-Address    |
Apr 22 11:22:32 www cloud-init[556]: ci-info: +--------+------+------------------------------+---------------+--------+-------------------+
Apr 22 11:22:32 www cloud-init[556]: ci-info: |  eth0  | True |        164.160.89.232        | 255.255.255.0 | global | 7e:d1:df:1a:21:e6 |
Apr 22 11:22:32 www cloud-init[556]: ci-info: |  eth0  | True | fe80::7cd1:dfff:fe1a:21e6/64 |       .       |  link  | 7e:d1:df:1a:21:e6 |
Apr 22 11:22:32 www cloud-init[556]: ci-info: |   lo   | True |          127.0.0.1           |   255.0.0.0   |  host  |         .         |
Apr 22 11:22:32 www cloud-init[556]: ci-info: |   lo   | True |           ::1/128            |       .       |  host  |         .         |
Apr 22 11:22:32 www cloud-init[556]: ci-info: +--------+------+------------------------------+---------------+--------+-------------------+
Apr 22 11:22:32 www cloud-init[556]: ci-info: ++++++++++++++++++++++++++++++Route IPv4 info++++++++++++++++++++++++++++++
Apr 22 11:22:32 www cloud-init[556]: ci-info: +-------+--------------+--------------+---------------+-----------+-------+
Apr 22 11:22:32 www cloud-init[556]: ci-info: | Route | Destination  |   Gateway    |    Genmask    | Interface | Flags |
Apr 22 11:22:32 www cloud-init[556]: ci-info: +-------+--------------+--------------+---------------+-----------+-------+
Apr 22 11:22:32 www cloud-init[556]: ci-info: |   0   |   0.0.0.0    | 164.160.89.1 |    0.0.0.0    |    eth0   |   UG  |
Apr 22 11:22:32 www cloud-init[556]: ci-info: |   1   | 164.160.89.0 |   0.0.0.0    | 255.255.255.0 |    eth0   |   U   |
Apr 22 11:22:32 www cloud-init[556]: ci-info: +-------+--------------+--------------+---------------+-----------+-------+
Apr 22 11:22:32 www cloud-init[556]: ci-info: +++++++++++++++++++Route IPv6 info+++++++++++++++++++
Apr 22 11:22:32 www cloud-init[556]: ci-info: +-------+-------------+---------+-----------+-------+
Apr 22 11:22:32 www cloud-init[556]: ci-info: | Route | Destination | Gateway | Interface | Flags |
Apr 22 11:22:32 www cloud-init[556]: ci-info: +-------+-------------+---------+-----------+-------+
Apr 22 11:22:32 www cloud-init[556]: ci-info: |   1   |  fe80::/64  |    ::   |    eth0   |   U   |
Apr 22 11:22:32 www cloud-init[556]: ci-info: |   3   |    local    |    ::   |    eth0   |   U   |
Apr 22 11:22:32 www cloud-init[556]: ci-info: |   4   |  multicast  |    ::   |    eth0   |   U   |
Apr 22 11:22:32 www cloud-init[556]: ci-info: +-------+-------------+---------+-----------+-------+
Apr 22 11:22:32 www systemd-udevd[551]: sda: Failed to process device, ignoring: Resource temporarily unavailable
Apr 22 11:22:32 www multipathd[441]: sda: failed to get udev uid: Invalid argument
Apr 22 11:22:32 www multipathd[441]: sda: failed to get unknown uid: Invalid argument
Apr 22 11:22:32 www systemd-udevd[552]: sda14: Failed to process device, ignoring: Resource temporarily unavailable
Apr 22 11:22:32 www systemd-udevd[551]: sda1: Failed to process device, ignoring: Resource temporarily unavailable
Apr 22 11:22:32 www systemd-udevd[545]: sda15: Failed to process device, ignoring: Resource temporarily unavailable
Apr 22 11:22:32 www systemd-resolved[535]: System hostname changed to 'www'.
Apr 22 11:22:32 www cloud-init[556]: Generating public/private rsa key pair.
Apr 22 11:22:32 www cloud-init[556]: Your identification has been saved in /etc/ssh/ssh_host_rsa_key
Apr 22 11:22:32 www cloud-init[556]: Your public key has been saved in /etc/ssh/ssh_host_rsa_key.pub
Apr 22 11:22:32 www cloud-init[556]: The key fingerprint is:
Apr 22 11:22:32 www cloud-init[556]: SHA256:dnLqe7xPXf2Pk4aVELIyoFD6Isz/Efbkk8ijacL9Twk root@www
Apr 22 11:22:32 www cloud-init[556]: The key's randomart image is:
Apr 22 11:22:32 www cloud-init[556]: +---[RSA 3072]----+
Apr 22 11:22:32 www cloud-init[556]: |   ..            |
Apr 22 11:22:32 www cloud-init[556]: |  ..  .   . .    |
Apr 22 11:22:32 www cloud-init[556]: |  .. . .   o .   |
Apr 22 11:22:32 www cloud-init[556]: |o  ..   o . .   .|
Apr 22 11:22:32 www cloud-init[556]: |.o. .E .Soo  . .o|
Apr 22 11:22:32 www cloud-init[556]: | ...o B.o=   .o..|
Apr 22 11:22:32 www cloud-init[556]: |. .. = B..  .o...|
Apr 22 11:22:32 www cloud-init[556]: | o o+ +.. o.. +..|
Apr 22 11:22:32 www cloud-init[556]: |  oo.o..oo.o.....|
Apr 22 11:22:32 www cloud-init[556]: +----[SHA256]-----+
Apr 22 11:22:32 www cloud-init[556]: Generating public/private dsa key pair.
Apr 22 11:22:32 www cloud-init[556]: Your identification has been saved in /etc/ssh/ssh_host_dsa_key
Apr 22 11:22:32 www cloud-init[556]: Your public key has been saved in /etc/ssh/ssh_host_dsa_key.pub
Apr 22 11:22:32 www cloud-init[556]: The key fingerprint is:
Apr 22 11:22:32 www cloud-init[556]: SHA256:ngZ60kEZ2q5IT2aPRfGTGj5zw3MSjsgTGdTOQzJVXM0 root@www
Apr 22 11:22:32 www cloud-init[556]: The key's randomart image is:
Apr 22 11:22:32 www cloud-init[556]: +---[DSA 1024]----+
Apr 22 11:22:32 www cloud-init[556]: |   .oo+o...o     |
Apr 22 11:22:32 www cloud-init[556]: |    o=o=..  E    |
Apr 22 11:22:32 www cloud-init[556]: |    +** =        |
Apr 22 11:22:32 www cloud-init[556]: |   . B+* o       |
Apr 22 11:22:32 www cloud-init[556]: |  . B @.S .      |
Apr 22 11:22:32 www cloud-init[556]: | . * O B *       |
Apr 22 11:22:32 www cloud-init[556]: |  . * + +        |
Apr 22 11:22:32 www cloud-init[556]: |     o .         |
Apr 22 11:22:32 www cloud-init[556]: |                 |
Apr 22 11:22:32 www cloud-init[556]: +----[SHA256]-----+
Apr 22 11:22:32 www cloud-init[556]: Generating public/private ecdsa key pair.
Apr 22 11:22:32 www cloud-init[556]: Your identification has been saved in /etc/ssh/ssh_host_ecdsa_key
Apr 22 11:22:32 www cloud-init[556]: Your public key has been saved in /etc/ssh/ssh_host_ecdsa_key.pub
Apr 22 11:22:32 www cloud-init[556]: The key fingerprint is:
Apr 22 11:22:32 www cloud-init[556]: SHA256:jbckZxLHwBmY0klXeZZx6Tgl0s73QYSP0bUcOYzQAdU root@www
Apr 22 11:22:32 www cloud-init[556]: The key's randomart image is:
Apr 22 11:22:32 www cloud-init[556]: +---[ECDSA 256]---+
Apr 22 11:22:32 www cloud-init[556]: |     o.=++.=*=X++|
Apr 22 11:22:32 www cloud-init[556]: |    . =.ooo **+Eo|
Apr 22 11:22:32 www cloud-init[556]: |     .  . o* ==o.|
Apr 22 11:22:32 www cloud-init[556]: |         =  =.oo |
Apr 22 11:22:32 www cloud-init[556]: |        S *  o ..|
Apr 22 11:22:32 www cloud-init[556]: |         B .    .|
Apr 22 11:22:32 www cloud-init[556]: |          .      |
Apr 22 11:22:32 www cloud-init[556]: |                 |
Apr 22 11:22:32 www cloud-init[556]: |                 |
Apr 22 11:22:32 www cloud-init[556]: +----[SHA256]-----+
Apr 22 11:22:32 www cloud-init[556]: Generating public/private ed25519 key pair.
Apr 22 11:22:32 www cloud-init[556]: Your identification has been saved in /etc/ssh/ssh_host_ed25519_key
Apr 22 11:22:32 www cloud-init[556]: Your public key has been saved in /etc/ssh/ssh_host_ed25519_key.pub
Apr 22 11:22:32 www cloud-init[556]: The key fingerprint is:
Apr 22 11:22:32 www cloud-init[556]: SHA256:XASCj/NOraHKQK+RyBROhdQnoEI2SVuq4q9BVrD9TrE root@www
Apr 22 11:22:32 www cloud-init[556]: The key's randomart image is:
Apr 22 11:22:32 www cloud-init[556]: +--[ED25519 256]--+
Apr 22 11:22:32 www cloud-init[556]: |oO=o .. ...      |
Apr 22 11:22:32 www cloud-init[556]: |+oXo.. . .       |
Apr 22 11:22:32 www cloud-init[556]: |o* oo+    .      |
Apr 22 11:22:32 www cloud-init[556]: |= o + +. .       |
Apr 22 11:22:32 www cloud-init[556]: |o*   E .S        |
Apr 22 11:22:32 www cloud-init[556]: |X o o + .        |
Apr 22 11:22:32 www cloud-init[556]: |o* . = o         |
Apr 22 11:22:32 www cloud-init[556]: | o= . o          |
Apr 22 11:22:32 www cloud-init[556]: | o+o             |
Apr 22 11:22:32 www cloud-init[556]: +----[SHA256]-----+
Apr 22 11:22:32 www systemd[1]: Finished Initial cloud-init job (metadata service crawler).
Apr 22 11:22:32 www systemd[1]: Reached target Cloud-config availability.
Apr 22 11:22:32 www systemd[1]: Reached target Network is Online.
Apr 22 11:22:32 www systemd[1]: Reached target System Initialization.
Apr 22 11:22:32 www systemd[1]: Condition check resulted in Process error reports when automatic reporting is enabled (file watch) being skipped.
Apr 22 11:22:32 www systemd[1]: Started Daily apt download activities.
Apr 22 11:22:32 www systemd[1]: Started Daily apt upgrade and clean activities.
Apr 22 11:22:32 www systemd[1]: Started Periodic ext4 Online Metadata Check for All Filesystems.
Apr 22 11:22:32 www systemd[1]: Started Discard unused blocks once a week.
Apr 22 11:22:32 www systemd[1]: Started Refresh fwupd metadata regularly.
Apr 22 11:22:32 www systemd[1]: Started Daily rotation of log files.
Apr 22 11:22:32 www systemd[1]: Started Daily man-db regeneration.
Apr 22 11:22:32 www systemd[1]: Started Message of the Day.
Apr 22 11:22:32 www systemd[1]: Condition check resulted in Timer to automatically fetch and run repair assertions being skipped.
Apr 22 11:22:32 www systemd[1]: Started Daily Cleanup of Temporary Directories.
Apr 22 11:22:32 www systemd[1]: Started Ubuntu Advantage update messaging.
Apr 22 11:22:32 www systemd[1]: Reached target Paths.
Apr 22 11:22:32 www systemd[1]: Reached target Timers.
Apr 22 11:22:32 www systemd[1]: Condition check resulted in Unix socket for apport crash forwarding being skipped.
Apr 22 11:22:32 www systemd[1]: Listening on D-Bus System Message Bus Socket.
Apr 22 11:22:32 www systemd[1]: Listening on Open-iSCSI iscsid Socket.
Apr 22 11:22:32 www systemd[1]: Starting Socket activation for snappy daemon.
Apr 22 11:22:32 www systemd[1]: Listening on UUID daemon activation socket.
Apr 22 11:22:32 www systemd[1]: Condition check resulted in Login to default iSCSI targets being skipped.
Apr 22 11:22:32 www systemd[1]: Reached target Remote File Systems (Pre).
Apr 22 11:22:32 www systemd[1]: Reached target Remote File Systems.
Apr 22 11:22:32 www systemd[1]: Starting Availability of block devices...
Apr 22 11:22:32 www systemd[1]: Listening on Socket activation for snappy daemon.
Apr 22 11:22:32 www systemd[1]: Reached target Sockets.
Apr 22 11:22:32 www systemd[1]: Reached target Basic System.
Apr 22 11:22:32 www systemd[1]: Starting Accounts Service...
Apr 22 11:22:32 www systemd[1]: Starting The Apache HTTP Server...
Apr 22 11:22:32 www systemd[1]: Starting LSB: automatic crash report generation...
Apr 22 11:22:32 www systemd[1]: Starting Deferred execution scheduler...
Apr 22 11:22:32 www systemd[1]: Started Regular background program processing daemon.
Apr 22 11:22:32 www cron[650]: (CRON) INFO (pidfile fd = 3)
Apr 22 11:22:32 www cron[650]: (CRON) INFO (Running @reboot jobs)
Apr 22 11:22:32 www systemd[1]: Started D-Bus System Message Bus.
Apr 22 11:22:32 www systemd[1]: Started Save initial kernel messages after boot.
Apr 22 11:22:32 www systemd[1]: Starting Remove Stale Online ext4 Metadata Check Snapshots...
Apr 22 11:22:32 www systemd[1]: Condition check resulted in getty on tty2-tty6 if dbus and logind are not available being skipped.
Apr 22 11:22:32 www systemd[1]: Starting Record successful boot for GRUB...
Apr 22 11:22:32 www systemd[1]: Started irqbalance daemon.
Apr 22 11:22:32 www systemd[1]: Starting Dispatcher daemon for systemd-networkd...
Apr 22 11:22:32 www systemd[1]: Condition check resulted in Set the CPU Frequency Scaling governor being skipped.
Apr 22 11:22:32 www /usr/sbin/irqbalance: Balancing is ineffective on systems with a single cpu.  Shutting down
Apr 22 11:22:32 www systemd[1]: Starting Pollinate to seed the pseudo random number generator...
Apr 22 11:22:32 www systemd[1]: Condition check resulted in fast remote file copy program daemon being skipped.
Apr 22 11:22:32 www systemd[1]: Starting System Logging Service...
Apr 22 11:22:32 www systemd[1]: Condition check resulted in Secure Boot updates for DB and DBX being skipped.
Apr 22 11:22:32 www systemd[1]: Condition check resulted in Automatically repair incorrect owner/permissions on core devices being skipped.
Apr 22 11:22:32 www systemd[1]: Condition check resulted in Wait for the Ubuntu Core chooser trigger being skipped.
Apr 22 11:22:32 www systemd[1]: Starting Snap Daemon...
Apr 22 11:22:32 www systemd[1]: Starting Login Service...
Apr 22 11:22:32 www systemd[1]: Starting Permit User Sessions...
Apr 22 11:22:32 www systemd[1]: Condition check resulted in Ubuntu Advantage reboot cmds being skipped.
Apr 22 11:22:32 www systemd[1]: Starting Disk Manager...
Apr 22 11:22:32 www systemd[1]: Finished Availability of block devices.
Apr 22 11:22:32 www systemd[1]: Started The Apache HTTP Server.
Apr 22 11:22:32 www udisksd[667]: udisks daemon version 2.8.4 starting
Apr 22 11:22:32 www systemd[1]: Started Deferred execution scheduler.
Apr 22 11:22:32 www systemd[1]: e2scrub_reap.service: Succeeded.
Apr 22 11:22:32 www systemd[1]: Finished Remove Stale Online ext4 Metadata Check Snapshots.
Apr 22 11:22:32 www systemd[1]: irqbalance.service: Succeeded.
Apr 22 11:22:32 www systemd[1]: Finished Permit User Sessions.
Apr 22 11:22:32 www systemd[1]: grub-common.service: Succeeded.
Apr 22 11:22:32 www systemd[1]: Finished Record successful boot for GRUB.
Apr 22 11:22:32 www rsyslogd: imuxsock: Acquired UNIX socket '/run/systemd/journal/syslog' (fd 3) from systemd.  [v8.2001.0]
Apr 22 11:22:32 www rsyslogd: rsyslogd's groupid changed to 110
Apr 22 11:22:32 www rsyslogd: rsyslogd's userid changed to 104
Apr 22 11:22:32 www rsyslogd: [origin software="rsyslogd" swVersion="8.2001.0" x-pid="662" x-info="https://www.rsyslog.com"] start
Apr 22 11:22:32 www systemd[1]: Started System Logging Service.
Apr 22 11:22:32 www apport[638]:  * Starting automatic crash report generation: apport
Apr 22 11:22:32 www systemd[1]: Starting GRUB failed boot detection...
Apr 22 11:22:32 www apport[638]:    ...done.
Apr 22 11:22:32 www systemd[1]: Starting Hold until boot process finishes up...
Apr 22 11:22:32 www snapd[663]: AppArmor status: apparmor is enabled and all features are available
Apr 22 11:22:32 www systemd[1]: Starting Terminate Plymouth Boot Screen...
Apr 22 11:22:32 www systemd[1]: Started LSB: automatic crash report generation.
Apr 22 11:22:32 www systemd[1]: plymouth-quit-wait.service: Succeeded.
Apr 22 11:22:32 www pollinate[661]: client sent challenge to [https://entropy.ubuntu.com/]
Apr 22 11:22:32 www systemd[1]: Finished Hold until boot process finishes up.
Apr 22 11:22:32 www systemd[1]: plymouth-quit.service: Succeeded.
Apr 22 11:22:32 www systemd[1]: Finished Terminate Plymouth Boot Screen.
Apr 22 11:22:32 www systemd[1]: grub-initrd-fallback.service: Succeeded.
Apr 22 11:22:32 www systemd[1]: Finished GRUB failed boot detection.
Apr 22 11:22:32 www systemd[1]: Started Serial Getty on ttyS0.
Apr 22 11:22:32 www systemd[1]: Starting Set console scheme...
Apr 22 11:22:32 www systemd[1]: Finished Set console scheme.
Apr 22 11:22:32 www dbus-daemon[653]: [system] AppArmor D-Bus mediation is enabled
Apr 22 11:22:32 www dbus-daemon[653]: [system] Successfully activated service 'org.freedesktop.systemd1'
Apr 22 11:22:32 www systemd[1]: Created slice system-getty.slice.
Apr 22 11:22:32 www udisksd[667]: failed to load module mdraid: libbd_mdraid.so.2: cannot open shared object file: No such file or directory
Apr 22 11:22:32 www systemd[1]: Started Getty on tty1.
Apr 22 11:22:32 www systemd[1]: Reached target Login Prompts.
Apr 22 11:22:32 www udisksd[667]: Failed to load the 'mdraid' libblockdev plugin
Apr 22 11:22:32 www systemd[1]: Started Login Service.
Apr 22 11:22:32 www dbus-daemon[653]: [system] Activating via systemd: service name='org.freedesktop.PolicyKit1' unit='polkit.service' requested by ':1.5' (uid=0 pid=667 comm="/usr/lib/udisks2/udisksd " label="unconfined")
Apr 22 11:22:32 www systemd[1]: Starting Authorization Manager...
Apr 22 11:22:32 www networkd-dispatcher[659]: No valid path found for iwconfig
Apr 22 11:22:32 www networkd-dispatcher[659]: No valid path found for iw
Apr 22 11:22:32 www systemd[1]: Started Unattended Upgrades Shutdown.
Apr 22 11:22:32 www polkitd[788]: started daemon version 0.105 using authority implementation `local' version `0.105'
Apr 22 11:22:32 www dbus-daemon[653]: [system] Successfully activated service 'org.freedesktop.PolicyKit1'
Apr 22 11:22:32 www systemd[1]: Started Authorization Manager.
Apr 22 11:22:32 www accounts-daemon[634]: started daemon version 0.6.55
Apr 22 11:22:32 www systemd[1]: Started Accounts Service.
Apr 22 11:22:32 www systemd[1]: Started Dispatcher daemon for systemd-networkd.
Apr 22 11:22:33 www systemd[1]: Started Disk Manager.
Apr 22 11:22:33 www udisksd[667]: Acquired the name org.freedesktop.UDisks2 on the system message bus
Apr 22 11:22:33 www snapd[663]: AppArmor status: apparmor is enabled and all features are available
Apr 22 11:22:33 www pollinate[661]: client verified challenge/response with [https://entropy.ubuntu.com/]
Apr 22 11:22:33 www pollinate[661]: client hashed response from [https://entropy.ubuntu.com/]
Apr 22 11:22:33 www pollinate[661]: client successfully seeded [/dev/urandom]
Apr 22 11:22:33 www systemd[1]: pollinate.service: Succeeded.
Apr 22 11:22:33 www systemd[1]: Finished Pollinate to seed the pseudo random number generator.
Apr 22 11:22:34 www systemd[1]: Starting OpenBSD Secure Shell server...
Apr 22 11:22:34 www snapd[663]: patch.go:63: Patching system state level 6 to sublevel 1...
Apr 22 11:22:34 www snapd[663]: patch.go:63: Patching system state level 6 to sublevel 2...
Apr 22 11:22:34 www snapd[663]: patch.go:63: Patching system state level 6 to sublevel 3...
Apr 22 11:22:34 www systemd[1]: Started OpenBSD Secure Shell server.
Apr 22 11:22:34 www snapd[663]: daemon.go:248: started snapd/2.51.7 (series 16; classic) ubuntu/20.04 (amd64) linux/5.4.0-86-generic.
Apr 22 11:22:34 www systemd[1]: tmp-sanity\x2dmountpoint\x2d698460006.mount: Succeeded.
Apr 22 11:22:34 www snapd[663]: daemon.go:341: adjusting startup timeout by 45s (pessimistic estimate of 30s plus 5s per snap)
Apr 22 11:22:34 www systemd[1]: Started Snap Daemon.
Apr 22 11:22:34 www systemd[1]: Starting Wait until snapd is fully seeded...
Apr 22 11:22:35 www systemd[1]: Started snap.lxd.hook.install.48e7372a-7e55-4b19-a267-08d6e9f3de1a.scope.
Apr 22 11:22:35 www systemd[1]: tmp-snap.rootfs_hP1BHC.mount: Succeeded.
Apr 22 11:22:36 www systemd[1]: snap.lxd.hook.install.48e7372a-7e55-4b19-a267-08d6e9f3de1a.scope: Succeeded.
Apr 22 11:22:36 www systemd[1]: Reloading.
Apr 22 11:22:36 www systemd[1]: Reloading.
Apr 22 11:22:37 www systemd[1]: dmesg.service: Succeeded.
Apr 22 11:22:37 www systemd[1]: Listening on Socket unix for snap application lxd.daemon.
Apr 22 11:22:37 www systemd[1]: Starting Service for snap application lxd.activate...
Apr 22 11:22:37 www lxd.activate[961]: => Starting LXD activation
Apr 22 11:22:37 www lxd.activate[961]: ==> Creating missing snap configuration
Apr 22 11:22:38 www lxd.activate[961]: ==> Loading snap configuration
Apr 22 11:22:38 www lxd.activate[961]: ==> Checking for socket activation support
Apr 22 11:22:38 www lxd.activate[961]: ==> Creating "lxd" user
Apr 22 11:22:38 www lxd.activate[961]: ==> Setting LXD socket ownership
Apr 22 11:22:38 www lxd.activate[961]: ==> LXD never started on this system, no need to start it now
Apr 22 11:22:38 www systemd[1]: snap.lxd.activate.service: Succeeded.
Apr 22 11:22:38 www systemd[1]: Finished Service for snap application lxd.activate.
Apr 22 11:22:38 www systemd[1]: Started snap.lxd.hook.configure.7d465133-281e-4b11-a1c2-2ff28cd5244c.scope.
Apr 22 11:22:38 www systemd[1]: snap.lxd.hook.configure.7d465133-281e-4b11-a1c2-2ff28cd5244c.scope: Succeeded.
Apr 22 11:22:40 www systemd[1]: Finished Wait until snapd is fully seeded.
Apr 22 11:22:40 www systemd[1]: Starting Apply the settings specified in cloud-config...
Apr 22 11:22:40 www systemd[1]: Condition check resulted in Auto import assertions from block devices being skipped.
Apr 22 11:22:40 www systemd[1]: Reached target Multi-User System.
Apr 22 11:22:40 www systemd[1]: Reached target Graphical Interface.
Apr 22 11:22:40 www systemd[1]: Starting Update UTMP about System Runlevel Changes...
Apr 22 11:22:40 www systemd[1]: systemd-update-utmp-runlevel.service: Succeeded.
Apr 22 11:22:40 www systemd[1]: Finished Update UTMP about System Runlevel Changes.
Apr 22 11:22:41 www cloud-init[1219]: Cloud-init v. 21.2-3-g899bfaa9-0ubuntu2~20.04.1 running 'modules:config' at Fri, 22 Apr 2022 09:22:41 +0000. Up 21.99 seconds.
Apr 22 11:22:41 www systemd[1]: Finished Apply the settings specified in cloud-config.
Apr 22 11:22:41 www systemd[1]: Starting Execute cloud user/final scripts...
Apr 22 11:22:42 www systemd[1]: Created slice User Slice of UID 0.
Apr 22 11:22:42 www systemd[1]: Starting User Runtime Directory /run/user/0...
Apr 22 11:22:42 www systemd[1]: Finished User Runtime Directory /run/user/0.
Apr 22 11:22:42 www systemd[1]: Starting User Manager for UID 0...
Apr 22 11:22:42 www systemd[1237]: Reached target Paths.
Apr 22 11:22:42 www systemd[1237]: Reached target Timers.
Apr 22 11:22:42 www systemd[1237]: Starting D-Bus User Message Bus Socket.
Apr 22 11:22:42 www systemd[1237]: Listening on GnuPG network certificate management daemon.
Apr 22 11:22:42 www systemd[1237]: Listening on GnuPG cryptographic agent and passphrase cache (access for web browsers).
Apr 22 11:22:42 www systemd[1237]: Listening on GnuPG cryptographic agent and passphrase cache (restricted).
Apr 22 11:22:42 www systemd[1237]: Listening on GnuPG cryptographic agent (ssh-agent emulation).
Apr 22 11:22:42 www systemd[1237]: Listening on GnuPG cryptographic agent and passphrase cache.
Apr 22 11:22:42 www systemd[1237]: Listening on debconf communication socket.
Apr 22 11:22:42 www systemd[1237]: Listening on REST API socket for snapd user session agent.
Apr 22 11:22:42 www systemd[1237]: Listening on D-Bus User Message Bus Socket.
Apr 22 11:22:42 www systemd[1237]: Reached target Sockets.
Apr 22 11:22:42 www systemd[1237]: Reached target Basic System.
Apr 22 11:22:42 www systemd[1]: Started User Manager for UID 0.
Apr 22 11:22:42 www systemd[1]: Started Session 1 of user root.
Apr 22 11:22:42 www systemd[1237]: Reached target Main User Target.
Apr 22 11:22:42 www systemd[1237]: Startup finished in 162ms.
Apr 22 11:22:44 www cloud-init[1285]: Get:1 http://security.ubuntu.com/ubuntu focal-security InRelease [114 kB]
Apr 22 11:22:44 www cloud-init[1285]: Hit:2 http://archive.ubuntu.com/ubuntu focal InRelease
Apr 22 11:22:44 www cloud-init[1285]: Get:3 http://archive.ubuntu.com/ubuntu focal-updates InRelease [114 kB]
Apr 22 11:22:44 www cloud-init[1285]: Get:4 http://archive.ubuntu.com/ubuntu focal-backports InRelease [108 kB]
Apr 22 11:22:44 www cloud-init[1285]: Get:5 http://security.ubuntu.com/ubuntu focal-security/main amd64 Packages [1417 kB]
Apr 22 11:22:45 www cloud-init[1285]: Get:6 http://archive.ubuntu.com/ubuntu focal-updates/main amd64 Packages [1745 kB]
Apr 22 11:22:45 www cloud-init[1285]: Get:7 http://security.ubuntu.com/ubuntu focal-security/main Translation-en [245 kB]
Apr 22 11:22:45 www cloud-init[1285]: Get:8 http://security.ubuntu.com/ubuntu focal-security/main amd64 c-n-f Metadata [10.0 kB]
Apr 22 11:22:45 www cloud-init[1285]: Get:9 http://security.ubuntu.com/ubuntu focal-security/restricted amd64 Packages [886 kB]
Apr 22 11:22:45 www cloud-init[1285]: Get:10 http://archive.ubuntu.com/ubuntu focal-updates/main Translation-en [324 kB]
Apr 22 11:22:45 www cloud-init[1285]: Get:11 http://archive.ubuntu.com/ubuntu focal-updates/main amd64 c-n-f Metadata [14.9 kB]
Apr 22 11:22:45 www cloud-init[1285]: Get:12 http://archive.ubuntu.com/ubuntu focal-updates/restricted amd64 Packages [946 kB]
Apr 22 11:22:45 www cloud-init[1285]: Get:13 http://security.ubuntu.com/ubuntu focal-security/restricted Translation-en [126 kB]
Apr 22 11:22:45 www cloud-init[1285]: Get:14 http://security.ubuntu.com/ubuntu focal-security/restricted amd64 c-n-f Metadata [532 B]
Apr 22 11:22:45 www cloud-init[1285]: Get:15 http://security.ubuntu.com/ubuntu focal-security/universe amd64 Packages [700 kB]
Apr 22 11:22:45 www cloud-init[1285]: Get:16 http://archive.ubuntu.com/ubuntu focal-updates/restricted Translation-en [135 kB]
Apr 22 11:22:45 www cloud-init[1285]: Get:17 http://archive.ubuntu.com/ubuntu focal-updates/restricted amd64 c-n-f Metadata [528 B]
Apr 22 11:22:45 www cloud-init[1285]: Get:18 http://archive.ubuntu.com/ubuntu focal-updates/universe amd64 Packages [918 kB]
Apr 22 11:22:45 www cloud-init[1285]: Get:19 http://security.ubuntu.com/ubuntu focal-security/universe Translation-en [124 kB]
Apr 22 11:22:46 www cloud-init[1285]: Get:20 http://security.ubuntu.com/ubuntu focal-security/universe amd64 c-n-f Metadata [14.4 kB]
Apr 22 11:22:46 www cloud-init[1285]: Get:21 http://security.ubuntu.com/ubuntu focal-security/multiverse amd64 Packages [20.7 kB]
Apr 22 11:22:46 www cloud-init[1285]: Get:22 http://security.ubuntu.com/ubuntu focal-security/multiverse Translation-en [5196 B]
Apr 22 11:22:46 www cloud-init[1285]: Get:23 http://security.ubuntu.com/ubuntu focal-security/multiverse amd64 c-n-f Metadata [500 B]
Apr 22 11:22:46 www cloud-init[1285]: Get:24 http://archive.ubuntu.com/ubuntu focal-updates/universe Translation-en [205 kB]
Apr 22 11:22:46 www cloud-init[1285]: Get:25 http://archive.ubuntu.com/ubuntu focal-updates/universe amd64 c-n-f Metadata [20.6 kB]
Apr 22 11:22:46 www cloud-init[1285]: Get:26 http://archive.ubuntu.com/ubuntu focal-updates/multiverse amd64 Packages [24.4 kB]
Apr 22 11:22:46 www cloud-init[1285]: Get:27 http://archive.ubuntu.com/ubuntu focal-updates/multiverse Translation-en [7336 B]
Apr 22 11:22:46 www cloud-init[1285]: Get:28 http://archive.ubuntu.com/ubuntu focal-updates/multiverse amd64 c-n-f Metadata [592 B]
Apr 22 11:22:46 www cloud-init[1285]: Get:29 http://archive.ubuntu.com/ubuntu focal-backports/main amd64 Packages [42.2 kB]
Apr 22 11:22:46 www cloud-init[1285]: Get:30 http://archive.ubuntu.com/ubuntu focal-backports/main Translation-en [10.1 kB]
Apr 22 11:22:46 www cloud-init[1285]: Get:31 http://archive.ubuntu.com/ubuntu focal-backports/main amd64 c-n-f Metadata [864 B]
Apr 22 11:22:46 www cloud-init[1285]: Get:32 http://archive.ubuntu.com/ubuntu focal-backports/universe amd64 Packages [22.7 kB]
Apr 22 11:22:46 www cloud-init[1285]: Get:33 http://archive.ubuntu.com/ubuntu focal-backports/universe Translation-en [15.5 kB]
Apr 22 11:22:46 www cloud-init[1285]: Get:34 http://archive.ubuntu.com/ubuntu focal-backports/universe amd64 c-n-f Metadata [804 B]
Apr 22 11:22:47 www dbus-daemon[653]: [system] Activating via systemd: service name='org.freedesktop.PackageKit' unit='packagekit.service' requested by ':1.15' (uid=0 pid=1590 comm="/usr/bin/gdbus call --system --dest org.freedeskto" label="unconfined")
Apr 22 11:22:47 www systemd[1]: Starting PackageKit Daemon...
Apr 22 11:22:47 www PackageKit: daemon start
Apr 22 11:22:47 www dbus-daemon[653]: [system] Successfully activated service 'org.freedesktop.PackageKit'
Apr 22 11:22:47 www systemd[1]: Started PackageKit Daemon.
Apr 22 11:22:54 www cloud-init[1285]: Fetched 8319 kB in 4s (1916 kB/s)
Apr 22 11:22:55 www systemd[1]: systemd-fsckd.service: Succeeded.
Apr 22 11:22:55 www cloud-init[1285]: Reading package lists...
Apr 22 11:22:55 www cloud-init[1285]: Reading package lists...
Apr 22 11:22:56 www cloud-init[1285]: Building dependency tree...
Apr 22 11:22:56 www cloud-init[1285]: Reading state information...
Apr 22 11:22:56 www cloud-init[1285]: Calculating upgrade...
